******************************************************************************
             TMS320C2000 Linker PC v18.12.3                    
******************************************************************************
>> Linked Sun Dec  8 20:18:22 2019

OUTPUT FILE NAME:   <adc.out>
ENTRY POINT SYMBOL: "_c_int00"  address: 000089e3


MEMORY CONFIGURATION

         name            origin    length      used     unused   attr    fill
----------------------  --------  ---------  --------  --------  ----  --------
PAGE 0:
  BEGIN                 00000000   00000002  00000002  00000000  RWIX
  BOOT_RSVD             00000002   0000004e  00000000  0000004e  RWIX
  RAMM0                 00000050   000003b0  00000000  000003b0  RWIX
  RAML                  00008000   00004000  00000b70  00003490  RWIX
  ZONE7A                00200000   0000fc00  00000000  0000fc00  RWIX
  CSM_RSVD              0033ff80   00000076  00000000  00000076  RWIX
  CSM_PWL               0033fff8   00000008  00000000  00000008  RWIX
  ADC_CAL               00380080   00000009  00000007  00000002  RWIX
  IQTABLES              003fe000   00000b50  00000000  00000b50  RWIX
  IQTABLES2             003feb50   0000008c  00000000  0000008c  RWIX
  FPUTABLES             003febdc   000006a0  00000000  000006a0  RWIX
  BOOTROM               003ff27c   00000d44  00000000  00000d44  RWIX
  RESET                 003fffc0   00000002  00000000  00000002  RWIX

PAGE 1:
  RAMM                  00000400   00000400  00000300  00000100  RWIX
  DEV_EMU               00000880   00000180  000000d0  000000b0  RWIX
  FLASH_REGS            00000a80   00000060  00000008  00000058  RWIX
  CSM                   00000ae0   00000010  00000010  00000000  RWIX
  ADC_MIRROR            00000b00   00000010  00000010  00000000  RWIX
  XINTF                 00000b20   00000020  0000001e  00000002  RWIX
  CPU_TIMER0            00000c00   00000008  00000008  00000000  RWIX
  CPU_TIMER1            00000c08   00000008  00000008  00000000  RWIX
  CPU_TIMER2            00000c10   00000008  00000008  00000000  RWIX
  PIE_CTRL              00000ce0   00000020  0000001a  00000006  RWIX
  PIE_VECT              00000d00   00000100  00000100  00000000  RWIX
  DMA                   00001000   00000200  000000e0  00000120  RWIX
  MCBSPA                00005000   00000040  00000025  0000001b  RWIX
  MCBSPB                00005040   00000040  00000025  0000001b  RWIX
  ECANA                 00006000   00000040  00000034  0000000c  RWIX
  ECANA_LAM             00006040   00000040  00000040  00000000  RWIX
  ECANA_MOTS            00006080   00000040  00000040  00000000  RWIX
  ECANA_MOTO            000060c0   00000040  00000040  00000000  RWIX
  ECANA_MBOX            00006100   00000100  00000100  00000000  RWIX
  ECANB                 00006200   00000040  00000034  0000000c  RWIX
  ECANB_LAM             00006240   00000040  00000040  00000000  RWIX
  ECANB_MOTS            00006280   00000040  00000040  00000000  RWIX
  ECANB_MOTO            000062c0   00000040  00000040  00000000  RWIX
  ECANB_MBOX            00006300   00000100  00000100  00000000  RWIX
  EPWM1                 00006800   00000022  00000022  00000000  RWIX
  EPWM2                 00006840   00000022  00000022  00000000  RWIX
  EPWM3                 00006880   00000022  00000022  00000000  RWIX
  EPWM4                 000068c0   00000022  00000022  00000000  RWIX
  EPWM5                 00006900   00000022  00000022  00000000  RWIX
  EPWM6                 00006940   00000022  00000022  00000000  RWIX
  ECAP1                 00006a00   00000020  00000020  00000000  RWIX
  ECAP2                 00006a20   00000020  00000020  00000000  RWIX
  ECAP3                 00006a40   00000020  00000020  00000000  RWIX
  ECAP4                 00006a60   00000020  00000020  00000000  RWIX
  ECAP5                 00006a80   00000020  00000020  00000000  RWIX
  ECAP6                 00006aa0   00000020  00000020  00000000  RWIX
  EQEP1                 00006b00   00000040  00000040  00000000  RWIX
  EQEP2                 00006b40   00000040  00000040  00000000  RWIX
  GPIOCTRL              00006f80   00000040  0000002e  00000012  RWIX
  GPIODAT               00006fc0   00000020  00000020  00000000  RWIX
  GPIOINT               00006fe0   00000020  0000000a  00000016  RWIX
  SYSTEM                00007010   00000020  00000020  00000000  RWIX
  SPIA                  00007040   00000010  00000010  00000000  RWIX
  SCIA                  00007050   00000010  00000010  00000000  RWIX
  XINTRUPT              00007070   00000010  00000010  00000000  RWIX
  ADC                   00007100   00000020  0000001e  00000002  RWIX
  SCIB                  00007750   00000010  00000010  00000000  RWIX
  SCIC                  00007770   00000010  00000010  00000000  RWIX
  I2CA                  00007900   00000040  00000022  0000001e  RWIX
  RAMH                  0000c000   00004000  0000017c  00003e84  RWIX
  ZONE7B                0020fc00   00000400  00000000  00000400  RWIX
  CSM_PWL               0033fff8   00000008  00000008  00000000  RWIX


SECTION ALLOCATION MAP

 output                                  attributes/
section   page    origin      length       input sections
--------  ----  ----------  ----------   ----------------
codestart 
*          0    00000000    00000002     
                  00000000    00000002     DSP2833x_CodeStartBranch.obj (codestart)

DevEmuRegsFile 
*          1    00000880    000000d0     UNINITIALIZED
                  00000880    000000d0     DSP2833x_GlobalVariableDefs.obj (DevEmuRegsFile)

FlashRegsFile 
*          1    00000a80    00000008     UNINITIALIZED
                  00000a80    00000008     DSP2833x_GlobalVariableDefs.obj (FlashRegsFile)

CsmRegsFile 
*          1    00000ae0    00000010     UNINITIALIZED
                  00000ae0    00000010     DSP2833x_GlobalVariableDefs.obj (CsmRegsFile)

AdcMirrorFile 
*          1    00000b00    00000010     UNINITIALIZED
                  00000b00    00000010     DSP2833x_GlobalVariableDefs.obj (AdcMirrorFile)

XintfRegsFile 
*          1    00000b20    0000001e     UNINITIALIZED
                  00000b20    0000001e     DSP2833x_GlobalVariableDefs.obj (XintfRegsFile)

CpuTimer0RegsFile 
*          1    00000c00    00000008     UNINITIALIZED
                  00000c00    00000008     DSP2833x_GlobalVariableDefs.obj (CpuTimer0RegsFile)

CpuTimer1RegsFile 
*          1    00000c08    00000008     UNINITIALIZED
                  00000c08    00000008     DSP2833x_GlobalVariableDefs.obj (CpuTimer1RegsFile)

CpuTimer2RegsFile 
*          1    00000c10    00000008     UNINITIALIZED
                  00000c10    00000008     DSP2833x_GlobalVariableDefs.obj (CpuTimer2RegsFile)

PieCtrlRegsFile 
*          1    00000ce0    0000001a     UNINITIALIZED
                  00000ce0    0000001a     DSP2833x_GlobalVariableDefs.obj (PieCtrlRegsFile)

PieVectTableFile 
*          1    00000d00    00000100     UNINITIALIZED
                  00000d00    00000100     DSP2833x_GlobalVariableDefs.obj (PieVectTableFile)

DmaRegsFile 
*          1    00001000    000000e0     UNINITIALIZED
                  00001000    000000e0     DSP2833x_GlobalVariableDefs.obj (DmaRegsFile)

McbspaRegsFile 
*          1    00005000    00000025     UNINITIALIZED
                  00005000    00000025     DSP2833x_GlobalVariableDefs.obj (McbspaRegsFile)

McbspbRegsFile 
*          1    00005040    00000025     UNINITIALIZED
                  00005040    00000025     DSP2833x_GlobalVariableDefs.obj (McbspbRegsFile)

ECanaRegsFile 
*          1    00006000    00000034     UNINITIALIZED
                  00006000    00000034     DSP2833x_GlobalVariableDefs.obj (ECanaRegsFile)

ECanaLAMRegsFile 
*          1    00006040    00000040     UNINITIALIZED
                  00006040    00000040     DSP2833x_GlobalVariableDefs.obj (ECanaLAMRegsFile)

ECanaMOTSRegsFile 
*          1    00006080    00000040     UNINITIALIZED
                  00006080    00000040     DSP2833x_GlobalVariableDefs.obj (ECanaMOTSRegsFile)

ECanaMOTORegsFile 
*          1    000060c0    00000040     UNINITIALIZED
                  000060c0    00000040     DSP2833x_GlobalVariableDefs.obj (ECanaMOTORegsFile)

ECanaMboxesFile 
*          1    00006100    00000100     UNINITIALIZED
                  00006100    00000100     DSP2833x_GlobalVariableDefs.obj (ECanaMboxesFile)

ECanbRegsFile 
*          1    00006200    00000034     UNINITIALIZED
                  00006200    00000034     DSP2833x_GlobalVariableDefs.obj (ECanbRegsFile)

ECanbLAMRegsFile 
*          1    00006240    00000040     UNINITIALIZED
                  00006240    00000040     DSP2833x_GlobalVariableDefs.obj (ECanbLAMRegsFile)

ECanbMOTSRegsFile 
*          1    00006280    00000040     UNINITIALIZED
                  00006280    00000040     DSP2833x_GlobalVariableDefs.obj (ECanbMOTSRegsFile)

ECanbMOTORegsFile 
*          1    000062c0    00000040     UNINITIALIZED
                  000062c0    00000040     DSP2833x_GlobalVariableDefs.obj (ECanbMOTORegsFile)

ECanbMboxesFile 
*          1    00006300    00000100     UNINITIALIZED
                  00006300    00000100     DSP2833x_GlobalVariableDefs.obj (ECanbMboxesFile)

EPwm1RegsFile 
*          1    00006800    00000022     UNINITIALIZED
                  00006800    00000022     DSP2833x_GlobalVariableDefs.obj (EPwm1RegsFile)

EPwm2RegsFile 
*          1    00006840    00000022     UNINITIALIZED
                  00006840    00000022     DSP2833x_GlobalVariableDefs.obj (EPwm2RegsFile)

EPwm3RegsFile 
*          1    00006880    00000022     UNINITIALIZED
                  00006880    00000022     DSP2833x_GlobalVariableDefs.obj (EPwm3RegsFile)

EPwm4RegsFile 
*          1    000068c0    00000022     UNINITIALIZED
                  000068c0    00000022     DSP2833x_GlobalVariableDefs.obj (EPwm4RegsFile)

EPwm5RegsFile 
*          1    00006900    00000022     UNINITIALIZED
                  00006900    00000022     DSP2833x_GlobalVariableDefs.obj (EPwm5RegsFile)

EPwm6RegsFile 
*          1    00006940    00000022     UNINITIALIZED
                  00006940    00000022     DSP2833x_GlobalVariableDefs.obj (EPwm6RegsFile)

ECap1RegsFile 
*          1    00006a00    00000020     UNINITIALIZED
                  00006a00    00000020     DSP2833x_GlobalVariableDefs.obj (ECap1RegsFile)

ECap2RegsFile 
*          1    00006a20    00000020     UNINITIALIZED
                  00006a20    00000020     DSP2833x_GlobalVariableDefs.obj (ECap2RegsFile)

ECap3RegsFile 
*          1    00006a40    00000020     UNINITIALIZED
                  00006a40    00000020     DSP2833x_GlobalVariableDefs.obj (ECap3RegsFile)

ECap4RegsFile 
*          1    00006a60    00000020     UNINITIALIZED
                  00006a60    00000020     DSP2833x_GlobalVariableDefs.obj (ECap4RegsFile)

ECap5RegsFile 
*          1    00006a80    00000020     UNINITIALIZED
                  00006a80    00000020     DSP2833x_GlobalVariableDefs.obj (ECap5RegsFile)

ECap6RegsFile 
*          1    00006aa0    00000020     UNINITIALIZED
                  00006aa0    00000020     DSP2833x_GlobalVariableDefs.obj (ECap6RegsFile)

EQep1RegsFile 
*          1    00006b00    00000040     UNINITIALIZED
                  00006b00    00000040     DSP2833x_GlobalVariableDefs.obj (EQep1RegsFile)

EQep2RegsFile 
*          1    00006b40    00000040     UNINITIALIZED
                  00006b40    00000040     DSP2833x_GlobalVariableDefs.obj (EQep2RegsFile)

GpioCtrlRegsFile 
*          1    00006f80    0000002e     UNINITIALIZED
                  00006f80    0000002e     DSP2833x_GlobalVariableDefs.obj (GpioCtrlRegsFile)

GpioDataRegsFile 
*          1    00006fc0    00000020     UNINITIALIZED
                  00006fc0    00000020     DSP2833x_GlobalVariableDefs.obj (GpioDataRegsFile)

GpioIntRegsFile 
*          1    00006fe0    0000000a     UNINITIALIZED
                  00006fe0    0000000a     DSP2833x_GlobalVariableDefs.obj (GpioIntRegsFile)

SysCtrlRegsFile 
*          1    00007010    00000020     UNINITIALIZED
                  00007010    00000020     DSP2833x_GlobalVariableDefs.obj (SysCtrlRegsFile)

SpiaRegsFile 
*          1    00007040    00000010     UNINITIALIZED
                  00007040    00000010     DSP2833x_GlobalVariableDefs.obj (SpiaRegsFile)

SciaRegsFile 
*          1    00007050    00000010     UNINITIALIZED
                  00007050    00000010     DSP2833x_GlobalVariableDefs.obj (SciaRegsFile)

XIntruptRegsFile 
*          1    00007070    00000010     UNINITIALIZED
                  00007070    00000010     DSP2833x_GlobalVariableDefs.obj (XIntruptRegsFile)

AdcRegsFile 
*          1    00007100    0000001e     UNINITIALIZED
                  00007100    0000001e     DSP2833x_GlobalVariableDefs.obj (AdcRegsFile)

ScibRegsFile 
*          1    00007750    00000010     UNINITIALIZED
                  00007750    00000010     DSP2833x_GlobalVariableDefs.obj (ScibRegsFile)

ScicRegsFile 
*          1    00007770    00000010     UNINITIALIZED
                  00007770    00000010     DSP2833x_GlobalVariableDefs.obj (ScicRegsFile)

I2caRegsFile 
*          1    00007900    00000022     UNINITIALIZED
                  00007900    00000022     DSP2833x_GlobalVariableDefs.obj (I2caRegsFile)

CsmPwlFile 
*          1    0033fff8    00000008     UNINITIALIZED
                  0033fff8    00000008     DSP2833x_GlobalVariableDefs.obj (CsmPwlFile)

.text      0    00008000    00000b48     
                  00008000    00000372     main.obj (.text)
                  00008372    00000323     DSP2833x_DefaultIsr.obj (.text:retain)
                  00008695    000001b8     Gpio.obj (.text)
                  0000884d    0000010e     DSP2833x_SysCtrl.obj (.text)
                  0000895b    00000088     rts2800_fpu32.lib : fs_div28.asm.obj (.text)
                  000089e3    00000056                       : boot28.asm.obj (.text)
                  00008a39    0000002c     DSP2833x_Adc.obj (.text)
                  00008a65    00000029     rts2800_fpu32.lib : exit.c.obj (.text)
                  00008a8e    00000028     DSP2833x_PieCtrl.obj (.text)
                  00008ab6    00000024     rts2800_fpu32.lib : cpy_tbl.c.obj (.text)
                  00008ada    00000020     DSP2833x_PieVect.obj (.text)
                  00008afa    0000001d     rts2800_fpu32.lib : memcpy.c.obj (.text)
                  00008b17    00000019                       : args_main.c.obj (.text)
                  00008b30    00000009                       : _lock.c.obj (.text)
                  00008b39    00000008     DSP2833x_CodeStartBranch.obj (.text)
                  00008b41    00000004     DSP2833x_usDelay.obj (.text)
                  00008b45    00000002     rts2800_fpu32.lib : pre_init.c.obj (.text)
                  00008b47    00000001                       : startup.c.obj (.text)

.cinit     0    00008b48    00000028     
                  00008b48    0000000e     main.obj (.cinit)
                  00008b56    0000000e     rts2800_fpu32.lib : exit.c.obj (.cinit)
                  00008b64    00000005                       : _lock.c.obj (.cinit:__lock)
                  00008b69    00000005                       : _lock.c.obj (.cinit:__unlock)
                  00008b6e    00000002     --HOLE-- [fill = 0]

.pinit     0    00008000    00000000     UNINITIALIZED

.stack     1    00000400    00000300     UNINITIALIZED
                  00000400    00000300     --HOLE--

.econst    1    0000c000    00000100     
                  0000c000    00000100     DSP2833x_PieVect.obj (.econst:_PieVectTableInit)

.ebss      1    0000c100    0000007c     UNINITIALIZED
                  0000c100    0000003a     main.obj (.ebss)
                  0000c13a    00000006     rts2800_fpu32.lib : exit.c.obj (.ebss)
                  0000c140    00000020     main.obj (.ebss:_SampleTable)
                  0000c160    00000018     DSP2833x_CpuTimers.obj (.ebss)
                  0000c178    00000002     rts2800_fpu32.lib : _lock.c.obj (.ebss:__lock)
                  0000c17a    00000002                       : _lock.c.obj (.ebss:__unlock)

.reset     0    003fffc0    00000002     DSECT
                  003fffc0    00000002     rts2800_fpu32.lib : boot28.asm.obj (.reset)

csm_rsvd   0    0033ff80    00000000     DSECT

csmpasswds 
*          0    0033fff8    00000000     DSECT

.adc_cal   0    00380080    00000007     NOLOAD SECTION
                  00380080    00000007     DSP2833x_ADC_cal.obj (.adc_cal)

MODULE SUMMARY

       Module                            code   initialized data   uninitialized data
       ------                            ----   ----------------   ------------------
    .\SRC\
       DSP2833x_GlobalVariableDefs.obj   0      0                  2678              
       main.obj                          882    14                 90                
       DSP2833x_DefaultIsr.obj           803    0                  0                 
       Gpio.obj                          440    0                  0                 
       DSP2833x_PieVect.obj              32     256                0                 
       DSP2833x_SysCtrl.obj              270    0                  0                 
       DSP2833x_Adc.obj                  44     0                  0                 
       DSP2833x_PieCtrl.obj              40     0                  0                 
       DSP2833x_CpuTimers.obj            0      0                  24                
       DSP2833x_CodeStartBranch.obj      10     0                  0                 
       DSP2833x_ADC_cal.obj              7      0                  0                 
       DSP2833x_usDelay.obj              4      0                  0                 
    +--+---------------------------------+------+------------------+--------------------+
       Total:                            2532   270                2792              
                                                                                     
    D:\ti\ccs920\ccs\tools\compiler\ti-cgt-c2000_18.12.3.LTS\lib\rts2800_fpu32.lib
       fs_div28.asm.obj                  136    0                  0                 
       boot28.asm.obj                    86     0                  0                 
       exit.c.obj                        41     14                 6                 
       cpy_tbl.c.obj                     36     0                  0                 
       memcpy.c.obj                      29     0                  0                 
       args_main.c.obj                   25     0                  0                 
       _lock.c.obj                       9      10                 4                 
       pre_init.c.obj                    2      0                  0                 
       startup.c.obj                     1      0                  0                 
    +--+---------------------------------+------+------------------+--------------------+
       Total:                            365    24                 10                
                                                                                     
       Stack:                            0      0                  768               
    +--+---------------------------------+------+------------------+--------------------+
       Grand Total:                      2897   294                3570              


GLOBAL DATA SYMBOLS: SORTED BY DATA PAGE

address     data page           name
--------    ----------------    ----
00000400      10 (00000400)     __stack

00000880      22 (00000880)     _DevEmuRegs

00000a80      2a (00000a80)     _FlashRegs

00000ae0      2b (00000ac0)     _CsmRegs

00000b00      2c (00000b00)     _AdcMirror
00000b20      2c (00000b00)     _XintfRegs

00000c00      30 (00000c00)     _CpuTimer0Regs
00000c08      30 (00000c00)     _CpuTimer1Regs
00000c10      30 (00000c00)     _CpuTimer2Regs

00000ce0      33 (00000cc0)     _PieCtrlRegs

00000d00      34 (00000d00)     _PieVectTable

00001000      40 (00001000)     _DmaRegs

00005000     140 (00005000)     _McbspaRegs

00005040     141 (00005040)     _McbspbRegs

00006000     180 (00006000)     _ECanaRegs

00006040     181 (00006040)     _ECanaLAMRegs

00006080     182 (00006080)     _ECanaMOTSRegs

000060c0     183 (000060c0)     _ECanaMOTORegs

00006100     184 (00006100)     _ECanaMboxes

00006200     188 (00006200)     _ECanbRegs

00006240     189 (00006240)     _ECanbLAMRegs

00006280     18a (00006280)     _ECanbMOTSRegs

000062c0     18b (000062c0)     _ECanbMOTORegs

00006300     18c (00006300)     _ECanbMboxes

00006800     1a0 (00006800)     _EPwm1Regs

00006840     1a1 (00006840)     _EPwm2Regs

00006880     1a2 (00006880)     _EPwm3Regs

000068c0     1a3 (000068c0)     _EPwm4Regs

00006900     1a4 (00006900)     _EPwm5Regs

00006940     1a5 (00006940)     _EPwm6Regs

00006a00     1a8 (00006a00)     _ECap1Regs
00006a20     1a8 (00006a00)     _ECap2Regs

00006a40     1a9 (00006a40)     _ECap3Regs
00006a60     1a9 (00006a40)     _ECap4Regs

00006a80     1aa (00006a80)     _ECap5Regs
00006aa0     1aa (00006a80)     _ECap6Regs

00006b00     1ac (00006b00)     _EQep1Regs

00006b40     1ad (00006b40)     _EQep2Regs

00006f80     1be (00006f80)     _GpioCtrlRegs

00006fc0     1bf (00006fc0)     _GpioDataRegs
00006fe0     1bf (00006fc0)     _GpioIntRegs

00007010     1c0 (00007000)     _SysCtrlRegs

00007040     1c1 (00007040)     _SpiaRegs
00007050     1c1 (00007040)     _SciaRegs
00007070     1c1 (00007040)     _XIntruptRegs

00007100     1c4 (00007100)     _AdcRegs

00007750     1dd (00007740)     _ScibRegs
00007770     1dd (00007740)     _ScicRegs

00007900     1e4 (00007900)     _I2caRegs

0000c000     300 (0000c000)     _PieVectTableInit

0000c100     304 (0000c100)     _rdata_pointA
0000c101     304 (0000c100)     _rdata_pointB
0000c102     304 (0000c100)     _PassCount
0000c103     304 (0000c100)     _FailCount
0000c104     304 (0000c100)     _CurrentMsgPtr
0000c106     304 (0000c100)     _adoffset
0000c108     304 (0000c100)     _adsum
0000c10a     304 (0000c100)     _I2cMsgOut1
0000c122     304 (0000c100)     _I2cMsgIn1
0000c13a     304 (0000c100)     ___TI_enable_exit_profile_output
0000c13c     304 (0000c100)     ___TI_cleanup_ptr
0000c13e     304 (0000c100)     ___TI_dtors_ptr

0000c140     305 (0000c140)     _SampleTable
0000c160     305 (0000c140)     _CpuTimer0
0000c168     305 (0000c140)     _CpuTimer1
0000c170     305 (0000c140)     _CpuTimer2
0000c178     305 (0000c140)     __lock
0000c17a     305 (0000c140)     __unlock

0033fff8    cfff (0033ffc0)     _CsmPwl


GLOBAL SYMBOLS: SORTED ALPHABETICALLY BY Name 

page  address   name                            
----  -------   ----                            
0     00008000  .text                           
0     00008a65  C$$EXIT                         
0     0000895b  FS$$DIV                         
0     00008458  _ADCINT_ISR                     
0     00380080  _ADC_cal                        
1     00000b00  _AdcMirror                      
1     00007100  _AdcRegs                        
1     0000c160  _CpuTimer0                      
1     00000c00  _CpuTimer0Regs                  
1     0000c168  _CpuTimer1                      
1     00000c08  _CpuTimer1Regs                  
1     0000c170  _CpuTimer2                      
1     00000c10  _CpuTimer2Regs                  
1     0033fff8  _CsmPwl                         
1     00000ae0  _CsmRegs                        
0     0000892a  _CsmUnlock                      
1     0000c104  _CurrentMsgPtr                  
0     00008386  _DATALOG_ISR                    
0     0000857a  _DINTCH1_ISR                    
0     00008584  _DINTCH2_ISR                    
0     0000858e  _DINTCH3_ISR                    
0     00008598  _DINTCH4_ISR                    
0     000085a2  _DINTCH5_ISR                    
0     000085ac  _DINTCH6_ISR                    
0     00008b41  _DSP28x_usDelay                 
1     00000880  _DevEmuRegs                     
0     0000887b  _DisableDog                     
1     00001000  _DmaRegs                        
0     00008606  _ECAN0INTA_ISR                  
0     0000861a  _ECAN0INTB_ISR                  
0     00008610  _ECAN1INTA_ISR                  
0     00008624  _ECAN1INTB_ISR                  
0     000084ee  _ECAP1_INT_ISR                  
0     000084f8  _ECAP2_INT_ISR                  
0     00008502  _ECAP3_INT_ISR                  
0     0000850c  _ECAP4_INT_ISR                  
0     00008516  _ECAP5_INT_ISR                  
0     00008520  _ECAP6_INT_ISR                  
1     00006040  _ECanaLAMRegs                   
1     000060c0  _ECanaMOTORegs                  
1     00006080  _ECanaMOTSRegs                  
1     00006100  _ECanaMboxes                    
1     00006000  _ECanaRegs                      
1     00006240  _ECanbLAMRegs                   
1     000062c0  _ECanbMOTORegs                  
1     00006280  _ECanbMOTSRegs                  
1     00006300  _ECanbMboxes                    
1     00006200  _ECanbRegs                      
1     00006a00  _ECap1Regs                      
1     00006a20  _ECap2Regs                      
1     00006a40  _ECap3Regs                      
1     00006a60  _ECap4Regs                      
1     00006a80  _ECap5Regs                      
1     00006aa0  _ECap6Regs                      
0     00008674  _EMPTY_ISR                      
0     0000839a  _EMUINT_ISR                     
0     000084b2  _EPWM1_INT_ISR                  
0     00008476  _EPWM1_TZINT_ISR                
0     000084bc  _EPWM2_INT_ISR                  
0     00008480  _EPWM2_TZINT_ISR                
0     000084c6  _EPWM3_INT_ISR                  
0     0000848a  _EPWM3_TZINT_ISR                
0     000084d0  _EPWM4_INT_ISR                  
0     00008494  _EPWM4_TZINT_ISR                
0     000084da  _EPWM5_INT_ISR                  
0     0000849e  _EPWM5_TZINT_ISR                
0     000084e4  _EPWM6_INT_ISR                  
0     000084a8  _EPWM6_TZINT_ISR                
1     00006800  _EPwm1Regs                      
1     00006840  _EPwm2Regs                      
1     00006880  _EPwm3Regs                      
1     000068c0  _EPwm4Regs                      
1     00006900  _EPwm5Regs                      
1     00006940  _EPwm6Regs                      
0     0000852a  _EQEP1_INT_ISR                  
0     00008534  _EQEP2_INT_ISR                  
1     00006b00  _EQep1Regs                      
1     00006b40  _EQep2Regs                      
0     00008aad  _EnableInterrupts               
1     0000c103  _FailCount                      
1     00000a80  _FlashRegs                      
1     00006f80  _GpioCtrlRegs                   
1     00006fc0  _GpioDataRegs                   
1     00006fe0  _GpioIntRegs                    
0     000085b6  _I2CINT1A_ISR                   
0     000085c0  _I2CINT2A_ISR                   
1     0000c122  _I2cMsgIn1                      
1     0000c10a  _I2cMsgOut1                     
1     00007900  _I2caRegs                       
0     000083ae  _ILLEGAL_ISR                    
0     00008372  _INT13_ISR                      
0     0000837c  _INT14_ISR                      
0     00008a39  _InitAdc                        
0     00008856  _InitFlash                      
0     00008695  _InitGpio                       
0     000088d4  _InitPeripheralClocks           
0     00008a8e  _InitPieCtrl                    
0     00008ada  _InitPieVectTable               
0     00008883  _InitPll                        
0     0000884d  _InitSysCtrl                    
0     0000866a  _LUF_ISR                        
0     00008660  _LVF_ISR                        
0     00008566  _MRINTA_ISR                     
0     00008552  _MRINTB_ISR                     
0     00008570  _MXINTA_ISR                     
0     0000855c  _MXINTB_ISR                     
1     00005000  _McbspaRegs                     
1     00005040  _McbspbRegs                     
0     000083a4  _NMI_ISR                        
0     00008681  _PIE_RESERVED                   
1     0000c102  _PassCount                      
1     00000ce0  _PieCtrlRegs                    
1     00000d00  _PieVectTable                   
1     0000c000  _PieVectTableInit               
0     00008390  _RTOSINT_ISR                    
0     000085de  _SCIRXINTA_ISR                  
0     000085f2  _SCIRXINTB_ISR                  
0     000085ca  _SCIRXINTC_ISR                  
0     000085e8  _SCITXINTA_ISR                  
0     000085fc  _SCITXINTB_ISR                  
0     000085d4  _SCITXINTC_ISR                  
0     00008430  _SEQ1INT_ISR                    
0     0000843a  _SEQ2INT_ISR                    
0     0000853e  _SPIRXINTA_ISR                  
0     00008548  _SPITXINTA_ISR                  
1     0000c140  _SampleTable                    
1     00007050  _SciaRegs                       
1     00007750  _ScibRegs                       
1     00007770  _ScicRegs                       
0     00008871  _ServiceDog                     
1     00007040  _SpiaRegs                       
1     00007010  _SysCtrlRegs                    
0     00008462  _TINT0_ISR                      
0     00008412  _USER10_ISR                     
0     0000841c  _USER11_ISR                     
0     00008426  _USER12_ISR                     
0     000083b8  _USER1_ISR                      
0     000083c2  _USER2_ISR                      
0     000083cc  _USER3_ISR                      
0     000083d6  _USER4_ISR                      
0     000083e0  _USER5_ISR                      
0     000083ea  _USER6_ISR                      
0     000083f4  _USER7_ISR                      
0     000083fe  _USER8_ISR                      
0     00008408  _USER9_ISR                      
0     0000846c  _WAKEINT_ISR                    
0     00008444  _XINT1_ISR                      
0     0000844e  _XINT2_ISR                      
0     0000862e  _XINT3_ISR                      
0     00008638  _XINT4_ISR                      
0     00008642  _XINT5_ISR                      
0     0000864c  _XINT6_ISR                      
0     00008656  _XINT7_ISR                      
1     00007070  _XIntruptRegs                   
1     00000b20  _XintfRegs                      
1     00000700  __STACK_END                     
abs   00000300  __STACK_SIZE                    
1     0000c13c  ___TI_cleanup_ptr               
1     0000c13e  ___TI_dtors_ptr                 
1     0000c13a  ___TI_enable_exit_profile_output
abs   ffffffff  ___TI_pprof_out_hndl            
abs   ffffffff  ___TI_prof_data_size            
abs   ffffffff  ___TI_prof_data_start           
abs   ffffffff  ___binit__                      
abs   ffffffff  ___c_args__                     
0     00008b48  ___cinit__                      
0     00008b48  ___etext__                      
abs   ffffffff  ___pinit__                      
0     00008000  ___text__                       
0     00008b17  __args_main                     
1     0000c178  __lock                          
0     00008b38  __nop                           
0     00008b34  __register_lock                 
0     00008b30  __register_unlock               
1     00000400  __stack                         
0     00008b47  __system_post_cinit             
0     00008b45  __system_pre_init               
1     0000c17a  __unlock                        
0     00008a65  _abort                          
1     0000c106  _adoffset                       
1     0000c108  _adsum                          
0     000089e3  _c_int00                        
0     00008351  _configtestledOFF               
0     00008349  _configtestledON                
0     00008ab6  _copy_in                        
0     00008359  _delay                          
0     00008a67  _exit                           
0     00008000  _main                           
0     00008afa  _memcpy                         
1     0000c100  _rdata_pointA                   
1     0000c101  _rdata_pointB                   
0     0000868b  _rsvd_ISR                       
abs   ffffffff  binit                           
0     00008b48  cinit                           
0     00000000  code_start                      
0     00008b48  etext                           
abs   ffffffff  pinit                           


GLOBAL SYMBOLS: SORTED BY Symbol Address 

page  address   name                            
----  -------   ----                            
0     00000000  code_start                      
0     00008000  .text                           
0     00008000  ___text__                       
0     00008000  _main                           
0     00008349  _configtestledON                
0     00008351  _configtestledOFF               
0     00008359  _delay                          
0     00008372  _INT13_ISR                      
0     0000837c  _INT14_ISR                      
0     00008386  _DATALOG_ISR                    
0     00008390  _RTOSINT_ISR                    
0     0000839a  _EMUINT_ISR                     
0     000083a4  _NMI_ISR                        
0     000083ae  _ILLEGAL_ISR                    
0     000083b8  _USER1_ISR                      
0     000083c2  _USER2_ISR                      
0     000083cc  _USER3_ISR                      
0     000083d6  _USER4_ISR                      
0     000083e0  _USER5_ISR                      
0     000083ea  _USER6_ISR                      
0     000083f4  _USER7_ISR                      
0     000083fe  _USER8_ISR                      
0     00008408  _USER9_ISR                      
0     00008412  _USER10_ISR                     
0     0000841c  _USER11_ISR                     
0     00008426  _USER12_ISR                     
0     00008430  _SEQ1INT_ISR                    
0     0000843a  _SEQ2INT_ISR                    
0     00008444  _XINT1_ISR                      
0     0000844e  _XINT2_ISR                      
0     00008458  _ADCINT_ISR                     
0     00008462  _TINT0_ISR                      
0     0000846c  _WAKEINT_ISR                    
0     00008476  _EPWM1_TZINT_ISR                
0     00008480  _EPWM2_TZINT_ISR                
0     0000848a  _EPWM3_TZINT_ISR                
0     00008494  _EPWM4_TZINT_ISR                
0     0000849e  _EPWM5_TZINT_ISR                
0     000084a8  _EPWM6_TZINT_ISR                
0     000084b2  _EPWM1_INT_ISR                  
0     000084bc  _EPWM2_INT_ISR                  
0     000084c6  _EPWM3_INT_ISR                  
0     000084d0  _EPWM4_INT_ISR                  
0     000084da  _EPWM5_INT_ISR                  
0     000084e4  _EPWM6_INT_ISR                  
0     000084ee  _ECAP1_INT_ISR                  
0     000084f8  _ECAP2_INT_ISR                  
0     00008502  _ECAP3_INT_ISR                  
0     0000850c  _ECAP4_INT_ISR                  
0     00008516  _ECAP5_INT_ISR                  
0     00008520  _ECAP6_INT_ISR                  
0     0000852a  _EQEP1_INT_ISR                  
0     00008534  _EQEP2_INT_ISR                  
0     0000853e  _SPIRXINTA_ISR                  
0     00008548  _SPITXINTA_ISR                  
0     00008552  _MRINTB_ISR                     
0     0000855c  _MXINTB_ISR                     
0     00008566  _MRINTA_ISR                     
0     00008570  _MXINTA_ISR                     
0     0000857a  _DINTCH1_ISR                    
0     00008584  _DINTCH2_ISR                    
0     0000858e  _DINTCH3_ISR                    
0     00008598  _DINTCH4_ISR                    
0     000085a2  _DINTCH5_ISR                    
0     000085ac  _DINTCH6_ISR                    
0     000085b6  _I2CINT1A_ISR                   
0     000085c0  _I2CINT2A_ISR                   
0     000085ca  _SCIRXINTC_ISR                  
0     000085d4  _SCITXINTC_ISR                  
0     000085de  _SCIRXINTA_ISR                  
0     000085e8  _SCITXINTA_ISR                  
0     000085f2  _SCIRXINTB_ISR                  
0     000085fc  _SCITXINTB_ISR                  
0     00008606  _ECAN0INTA_ISR                  
0     00008610  _ECAN1INTA_ISR                  
0     0000861a  _ECAN0INTB_ISR                  
0     00008624  _ECAN1INTB_ISR                  
0     0000862e  _XINT3_ISR                      
0     00008638  _XINT4_ISR                      
0     00008642  _XINT5_ISR                      
0     0000864c  _XINT6_ISR                      
0     00008656  _XINT7_ISR                      
0     00008660  _LVF_ISR                        
0     0000866a  _LUF_ISR                        
0     00008674  _EMPTY_ISR                      
0     00008681  _PIE_RESERVED                   
0     0000868b  _rsvd_ISR                       
0     00008695  _InitGpio                       
0     0000884d  _InitSysCtrl                    
0     00008856  _InitFlash                      
0     00008871  _ServiceDog                     
0     0000887b  _DisableDog                     
0     00008883  _InitPll                        
0     000088d4  _InitPeripheralClocks           
0     0000892a  _CsmUnlock                      
0     0000895b  FS$$DIV                         
0     000089e3  _c_int00                        
0     00008a39  _InitAdc                        
0     00008a65  C$$EXIT                         
0     00008a65  _abort                          
0     00008a67  _exit                           
0     00008a8e  _InitPieCtrl                    
0     00008aad  _EnableInterrupts               
0     00008ab6  _copy_in                        
0     00008ada  _InitPieVectTable               
0     00008afa  _memcpy                         
0     00008b17  __args_main                     
0     00008b30  __register_unlock               
0     00008b34  __register_lock                 
0     00008b38  __nop                           
0     00008b41  _DSP28x_usDelay                 
0     00008b45  __system_pre_init               
0     00008b47  __system_post_cinit             
0     00008b48  ___cinit__                      
0     00008b48  ___etext__                      
0     00008b48  cinit                           
0     00008b48  etext                           
0     00380080  _ADC_cal                        
1     00000400  __stack                         
1     00000700  __STACK_END                     
1     00000880  _DevEmuRegs                     
1     00000a80  _FlashRegs                      
1     00000ae0  _CsmRegs                        
1     00000b00  _AdcMirror                      
1     00000b20  _XintfRegs                      
1     00000c00  _CpuTimer0Regs                  
1     00000c08  _CpuTimer1Regs                  
1     00000c10  _CpuTimer2Regs                  
1     00000ce0  _PieCtrlRegs                    
1     00000d00  _PieVectTable                   
1     00001000  _DmaRegs                        
1     00005000  _McbspaRegs                     
1     00005040  _McbspbRegs                     
1     00006000  _ECanaRegs                      
1     00006040  _ECanaLAMRegs                   
1     00006080  _ECanaMOTSRegs                  
1     000060c0  _ECanaMOTORegs                  
1     00006100  _ECanaMboxes                    
1     00006200  _ECanbRegs                      
1     00006240  _ECanbLAMRegs                   
1     00006280  _ECanbMOTSRegs                  
1     000062c0  _ECanbMOTORegs                  
1     00006300  _ECanbMboxes                    
1     00006800  _EPwm1Regs                      
1     00006840  _EPwm2Regs                      
1     00006880  _EPwm3Regs                      
1     000068c0  _EPwm4Regs                      
1     00006900  _EPwm5Regs                      
1     00006940  _EPwm6Regs                      
1     00006a00  _ECap1Regs                      
1     00006a20  _ECap2Regs                      
1     00006a40  _ECap3Regs                      
1     00006a60  _ECap4Regs                      
1     00006a80  _ECap5Regs                      
1     00006aa0  _ECap6Regs                      
1     00006b00  _EQep1Regs                      
1     00006b40  _EQep2Regs                      
1     00006f80  _GpioCtrlRegs                   
1     00006fc0  _GpioDataRegs                   
1     00006fe0  _GpioIntRegs                    
1     00007010  _SysCtrlRegs                    
1     00007040  _SpiaRegs                       
1     00007050  _SciaRegs                       
1     00007070  _XIntruptRegs                   
1     00007100  _AdcRegs                        
1     00007750  _ScibRegs                       
1     00007770  _ScicRegs                       
1     00007900  _I2caRegs                       
1     0000c000  _PieVectTableInit               
1     0000c100  _rdata_pointA                   
1     0000c101  _rdata_pointB                   
1     0000c102  _PassCount                      
1     0000c103  _FailCount                      
1     0000c104  _CurrentMsgPtr                  
1     0000c106  _adoffset                       
1     0000c108  _adsum                          
1     0000c10a  _I2cMsgOut1                     
1     0000c122  _I2cMsgIn1                      
1     0000c13a  ___TI_enable_exit_profile_output
1     0000c13c  ___TI_cleanup_ptr               
1     0000c13e  ___TI_dtors_ptr                 
1     0000c140  _SampleTable                    
1     0000c160  _CpuTimer0                      
1     0000c168  _CpuTimer1                      
1     0000c170  _CpuTimer2                      
1     0000c178  __lock                          
1     0000c17a  __unlock                        
1     0033fff8  _CsmPwl                         
abs   00000300  __STACK_SIZE                    
abs   ffffffff  ___TI_pprof_out_hndl            
abs   ffffffff  ___TI_prof_data_size            
abs   ffffffff  ___TI_prof_data_start           
abs   ffffffff  ___binit__                      
abs   ffffffff  ___c_args__                     
abs   ffffffff  ___pinit__                      
abs   ffffffff  binit                           
abs   ffffffff  pinit                           

[197 symbols]
