******************************************************************************
             TMS320C2000 Linker PC v18.12.3                    
******************************************************************************
>> Linked Sun Dec 15 15:48:38 2019

OUTPUT FILE NAME:   <ADCsample_FFT.out>
ENTRY POINT SYMBOL: "_c_int00"  address: 00008a28


MEMORY CONFIGURATION

         name            origin    length      used     unused   attr    fill
----------------------  --------  ---------  --------  --------  ----  --------
PAGE 0:
  BEGIN                 00000000   00000002  00000002  00000000  RWIX
  BOOT_RSVD             00000002   0000004e  00000000  0000004e  RWIX
  RAMM0                 00000050   000003b0  00000000  000003b0  RWIX
  RAML                  00008000   00004000  00000c37  000033c9  RWIX
  ZONE7A                00200000   0000fc00  00000000  0000fc00  RWIX
  CSM_RSVD              0033ff80   00000076  00000000  00000076  RWIX
  CSM_PWL               0033fff8   00000008  00000000  00000008  RWIX
  ADC_CAL               00380080   00000009  00000007  00000002  RWIX
  IQTABLES              003fe000   00000b50  00000000  00000b50  RWIX
  IQTABLES2             003feb50   0000008c  00000000  0000008c  RWIX
  FPUTABLES             003febdc   000006a0  00000000  000006a0  RWIX
  BOOTROM               003ff27c   00000d44  00000000  00000d44  RWIX
  RESET                 003fffc0   00000002  00000000  00000002  RWIX

PAGE 1:
  RAMM                  00000400   00000400  00000300  00000100  RWIX
  DEV_EMU               00000880   00000180  000000d0  000000b0  RWIX
  FLASH_REGS            00000a80   00000060  00000008  00000058  RWIX
  CSM                   00000ae0   00000010  00000010  00000000  RWIX
  ADC_MIRROR            00000b00   00000010  00000010  00000000  RWIX
  XINTF                 00000b20   00000020  0000001e  00000002  RWIX
  CPU_TIMER0            00000c00   00000008  00000008  00000000  RWIX
  CPU_TIMER1            00000c08   00000008  00000008  00000000  RWIX
  CPU_TIMER2            00000c10   00000008  00000008  00000000  RWIX
  PIE_CTRL              00000ce0   00000020  0000001a  00000006  RWIX
  PIE_VECT              00000d00   00000100  00000100  00000000  RWIX
  DMA                   00001000   00000200  000000e0  00000120  RWIX
  MCBSPA                00005000   00000040  00000025  0000001b  RWIX
  MCBSPB                00005040   00000040  00000025  0000001b  RWIX
  ECANA                 00006000   00000040  00000034  0000000c  RWIX
  ECANA_LAM             00006040   00000040  00000040  00000000  RWIX
  ECANA_MOTS            00006080   00000040  00000040  00000000  RWIX
  ECANA_MOTO            000060c0   00000040  00000040  00000000  RWIX
  ECANA_MBOX            00006100   00000100  00000100  00000000  RWIX
  ECANB                 00006200   00000040  00000034  0000000c  RWIX
  ECANB_LAM             00006240   00000040  00000040  00000000  RWIX
  ECANB_MOTS            00006280   00000040  00000040  00000000  RWIX
  ECANB_MOTO            000062c0   00000040  00000040  00000000  RWIX
  ECANB_MBOX            00006300   00000100  00000100  00000000  RWIX
  EPWM1                 00006800   00000022  00000022  00000000  RWIX
  EPWM2                 00006840   00000022  00000022  00000000  RWIX
  EPWM3                 00006880   00000022  00000022  00000000  RWIX
  EPWM4                 000068c0   00000022  00000022  00000000  RWIX
  EPWM5                 00006900   00000022  00000022  00000000  RWIX
  EPWM6                 00006940   00000022  00000022  00000000  RWIX
  ECAP1                 00006a00   00000020  00000020  00000000  RWIX
  ECAP2                 00006a20   00000020  00000020  00000000  RWIX
  ECAP3                 00006a40   00000020  00000020  00000000  RWIX
  ECAP4                 00006a60   00000020  00000020  00000000  RWIX
  ECAP5                 00006a80   00000020  00000020  00000000  RWIX
  ECAP6                 00006aa0   00000020  00000020  00000000  RWIX
  EQEP1                 00006b00   00000040  00000040  00000000  RWIX
  EQEP2                 00006b40   00000040  00000040  00000000  RWIX
  GPIOCTRL              00006f80   00000040  0000002e  00000012  RWIX
  GPIODAT               00006fc0   00000020  00000020  00000000  RWIX
  GPIOINT               00006fe0   00000020  0000000a  00000016  RWIX
  SYSTEM                00007010   00000020  00000020  00000000  RWIX
  SPIA                  00007040   00000010  00000010  00000000  RWIX
  SCIA                  00007050   00000010  00000010  00000000  RWIX
  XINTRUPT              00007070   00000010  00000010  00000000  RWIX
  ADC                   00007100   00000020  0000001e  00000002  RWIX
  SCIB                  00007750   00000010  00000010  00000000  RWIX
  SCIC                  00007770   00000010  00000010  00000000  RWIX
  I2CA                  00007900   00000040  00000022  0000001e  RWIX
  RAMH                  0000c000   00004000  00001258  00002da8  RWIX
  ZONE7B                0020fc00   00000400  00000000  00000400  RWIX
  CSM_PWL               0033fff8   00000008  00000008  00000000  RWIX


SECTION ALLOCATION MAP

 output                                  attributes/
section   page    origin      length       input sections
--------  ----  ----------  ----------   ----------------
codestart 
*          0    00000000    00000002     
                  00000000    00000002     DSP2833x_CodeStartBranch.obj (codestart)

DevEmuRegsFile 
*          1    00000880    000000d0     UNINITIALIZED
                  00000880    000000d0     DSP2833x_GlobalVariableDefs.obj (DevEmuRegsFile)

FlashRegsFile 
*          1    00000a80    00000008     UNINITIALIZED
                  00000a80    00000008     DSP2833x_GlobalVariableDefs.obj (FlashRegsFile)

CsmRegsFile 
*          1    00000ae0    00000010     UNINITIALIZED
                  00000ae0    00000010     DSP2833x_GlobalVariableDefs.obj (CsmRegsFile)

AdcMirrorFile 
*          1    00000b00    00000010     UNINITIALIZED
                  00000b00    00000010     DSP2833x_GlobalVariableDefs.obj (AdcMirrorFile)

XintfRegsFile 
*          1    00000b20    0000001e     UNINITIALIZED
                  00000b20    0000001e     DSP2833x_GlobalVariableDefs.obj (XintfRegsFile)

CpuTimer0RegsFile 
*          1    00000c00    00000008     UNINITIALIZED
                  00000c00    00000008     DSP2833x_GlobalVariableDefs.obj (CpuTimer0RegsFile)

CpuTimer1RegsFile 
*          1    00000c08    00000008     UNINITIALIZED
                  00000c08    00000008     DSP2833x_GlobalVariableDefs.obj (CpuTimer1RegsFile)

CpuTimer2RegsFile 
*          1    00000c10    00000008     UNINITIALIZED
                  00000c10    00000008     DSP2833x_GlobalVariableDefs.obj (CpuTimer2RegsFile)

PieCtrlRegsFile 
*          1    00000ce0    0000001a     UNINITIALIZED
                  00000ce0    0000001a     DSP2833x_GlobalVariableDefs.obj (PieCtrlRegsFile)

PieVectTableFile 
*          1    00000d00    00000100     UNINITIALIZED
                  00000d00    00000100     DSP2833x_GlobalVariableDefs.obj (PieVectTableFile)

DmaRegsFile 
*          1    00001000    000000e0     UNINITIALIZED
                  00001000    000000e0     DSP2833x_GlobalVariableDefs.obj (DmaRegsFile)

McbspaRegsFile 
*          1    00005000    00000025     UNINITIALIZED
                  00005000    00000025     DSP2833x_GlobalVariableDefs.obj (McbspaRegsFile)

McbspbRegsFile 
*          1    00005040    00000025     UNINITIALIZED
                  00005040    00000025     DSP2833x_GlobalVariableDefs.obj (McbspbRegsFile)

ECanaRegsFile 
*          1    00006000    00000034     UNINITIALIZED
                  00006000    00000034     DSP2833x_GlobalVariableDefs.obj (ECanaRegsFile)

ECanaLAMRegsFile 
*          1    00006040    00000040     UNINITIALIZED
                  00006040    00000040     DSP2833x_GlobalVariableDefs.obj (ECanaLAMRegsFile)

ECanaMOTSRegsFile 
*          1    00006080    00000040     UNINITIALIZED
                  00006080    00000040     DSP2833x_GlobalVariableDefs.obj (ECanaMOTSRegsFile)

ECanaMOTORegsFile 
*          1    000060c0    00000040     UNINITIALIZED
                  000060c0    00000040     DSP2833x_GlobalVariableDefs.obj (ECanaMOTORegsFile)

ECanaMboxesFile 
*          1    00006100    00000100     UNINITIALIZED
                  00006100    00000100     DSP2833x_GlobalVariableDefs.obj (ECanaMboxesFile)

ECanbRegsFile 
*          1    00006200    00000034     UNINITIALIZED
                  00006200    00000034     DSP2833x_GlobalVariableDefs.obj (ECanbRegsFile)

ECanbLAMRegsFile 
*          1    00006240    00000040     UNINITIALIZED
                  00006240    00000040     DSP2833x_GlobalVariableDefs.obj (ECanbLAMRegsFile)

ECanbMOTSRegsFile 
*          1    00006280    00000040     UNINITIALIZED
                  00006280    00000040     DSP2833x_GlobalVariableDefs.obj (ECanbMOTSRegsFile)

ECanbMOTORegsFile 
*          1    000062c0    00000040     UNINITIALIZED
                  000062c0    00000040     DSP2833x_GlobalVariableDefs.obj (ECanbMOTORegsFile)

ECanbMboxesFile 
*          1    00006300    00000100     UNINITIALIZED
                  00006300    00000100     DSP2833x_GlobalVariableDefs.obj (ECanbMboxesFile)

EPwm1RegsFile 
*          1    00006800    00000022     UNINITIALIZED
                  00006800    00000022     DSP2833x_GlobalVariableDefs.obj (EPwm1RegsFile)

EPwm2RegsFile 
*          1    00006840    00000022     UNINITIALIZED
                  00006840    00000022     DSP2833x_GlobalVariableDefs.obj (EPwm2RegsFile)

EPwm3RegsFile 
*          1    00006880    00000022     UNINITIALIZED
                  00006880    00000022     DSP2833x_GlobalVariableDefs.obj (EPwm3RegsFile)

EPwm4RegsFile 
*          1    000068c0    00000022     UNINITIALIZED
                  000068c0    00000022     DSP2833x_GlobalVariableDefs.obj (EPwm4RegsFile)

EPwm5RegsFile 
*          1    00006900    00000022     UNINITIALIZED
                  00006900    00000022     DSP2833x_GlobalVariableDefs.obj (EPwm5RegsFile)

EPwm6RegsFile 
*          1    00006940    00000022     UNINITIALIZED
                  00006940    00000022     DSP2833x_GlobalVariableDefs.obj (EPwm6RegsFile)

ECap1RegsFile 
*          1    00006a00    00000020     UNINITIALIZED
                  00006a00    00000020     DSP2833x_GlobalVariableDefs.obj (ECap1RegsFile)

ECap2RegsFile 
*          1    00006a20    00000020     UNINITIALIZED
                  00006a20    00000020     DSP2833x_GlobalVariableDefs.obj (ECap2RegsFile)

ECap3RegsFile 
*          1    00006a40    00000020     UNINITIALIZED
                  00006a40    00000020     DSP2833x_GlobalVariableDefs.obj (ECap3RegsFile)

ECap4RegsFile 
*          1    00006a60    00000020     UNINITIALIZED
                  00006a60    00000020     DSP2833x_GlobalVariableDefs.obj (ECap4RegsFile)

ECap5RegsFile 
*          1    00006a80    00000020     UNINITIALIZED
                  00006a80    00000020     DSP2833x_GlobalVariableDefs.obj (ECap5RegsFile)

ECap6RegsFile 
*          1    00006aa0    00000020     UNINITIALIZED
                  00006aa0    00000020     DSP2833x_GlobalVariableDefs.obj (ECap6RegsFile)

EQep1RegsFile 
*          1    00006b00    00000040     UNINITIALIZED
                  00006b00    00000040     DSP2833x_GlobalVariableDefs.obj (EQep1RegsFile)

EQep2RegsFile 
*          1    00006b40    00000040     UNINITIALIZED
                  00006b40    00000040     DSP2833x_GlobalVariableDefs.obj (EQep2RegsFile)

GpioCtrlRegsFile 
*          1    00006f80    0000002e     UNINITIALIZED
                  00006f80    0000002e     DSP2833x_GlobalVariableDefs.obj (GpioCtrlRegsFile)

GpioDataRegsFile 
*          1    00006fc0    00000020     UNINITIALIZED
                  00006fc0    00000020     DSP2833x_GlobalVariableDefs.obj (GpioDataRegsFile)

GpioIntRegsFile 
*          1    00006fe0    0000000a     UNINITIALIZED
                  00006fe0    0000000a     DSP2833x_GlobalVariableDefs.obj (GpioIntRegsFile)

SysCtrlRegsFile 
*          1    00007010    00000020     UNINITIALIZED
                  00007010    00000020     DSP2833x_GlobalVariableDefs.obj (SysCtrlRegsFile)

SpiaRegsFile 
*          1    00007040    00000010     UNINITIALIZED
                  00007040    00000010     DSP2833x_GlobalVariableDefs.obj (SpiaRegsFile)

SciaRegsFile 
*          1    00007050    00000010     UNINITIALIZED
                  00007050    00000010     DSP2833x_GlobalVariableDefs.obj (SciaRegsFile)

XIntruptRegsFile 
*          1    00007070    00000010     UNINITIALIZED
                  00007070    00000010     DSP2833x_GlobalVariableDefs.obj (XIntruptRegsFile)

AdcRegsFile 
*          1    00007100    0000001e     UNINITIALIZED
                  00007100    0000001e     DSP2833x_GlobalVariableDefs.obj (AdcRegsFile)

ScibRegsFile 
*          1    00007750    00000010     UNINITIALIZED
                  00007750    00000010     DSP2833x_GlobalVariableDefs.obj (ScibRegsFile)

ScicRegsFile 
*          1    00007770    00000010     UNINITIALIZED
                  00007770    00000010     DSP2833x_GlobalVariableDefs.obj (ScicRegsFile)

I2caRegsFile 
*          1    00007900    00000022     UNINITIALIZED
                  00007900    00000022     DSP2833x_GlobalVariableDefs.obj (I2caRegsFile)

CsmPwlFile 
*          1    0033fff8    00000008     UNINITIALIZED
                  0033fff8    00000008     DSP2833x_GlobalVariableDefs.obj (CsmPwlFile)

.text      0    00008000    00000bb4     
                  00008000    00000323     DSP2833x_DefaultIsr.obj (.text:retain)
                  00008323    000002fb     main.obj (.text)
                  0000861e    000001b8     Gpio.obj (.text)
                  000087d6    0000010e     DSP2833x_SysCtrl.obj (.text)
                  000088e4    00000088     rts2800_fpu32.lib : fs_div28.asm.obj (.text)
                  0000896c    00000063                       : s_cosf.c.obj (.text)
                  000089cf    00000059                       : s_sinf.c.obj (.text)
                  00008a28    00000056                       : boot28.asm.obj (.text)
                  00008a7e    0000002c     DSP2833x_Adc.obj (.text)
                  00008aaa    00000029     rts2800_fpu32.lib : exit.c.obj (.text)
                  00008ad3    00000028     DSP2833x_PieCtrl.obj (.text)
                  00008afb    00000001     rts2800_fpu32.lib : startup.c.obj (.text)
                  00008afc    00000027                       : e_sqrtf.c.obj (.text)
                  00008b23    00000024                       : cpy_tbl.c.obj (.text)
                  00008b47    00000020     DSP2833x_PieVect.obj (.text)
                  00008b67    0000001d     rts2800_fpu32.lib : memcpy.c.obj (.text)
                  00008b84    00000019                       : args_main.c.obj (.text)
                  00008b9d    00000009                       : _lock.c.obj (.text)
                  00008ba6    00000008     DSP2833x_CodeStartBranch.obj (.text)
                  00008bae    00000004     DSP2833x_usDelay.obj (.text)
                  00008bb2    00000002     rts2800_fpu32.lib : pre_init.c.obj (.text)

.cinit     0    00008bb4    00000083     
                  00008bb4    00000065     main.obj (.cinit)
                  00008c19    0000000e     rts2800_fpu32.lib : exit.c.obj (.cinit)
                  00008c27    00000005                       : _lock.c.obj (.cinit:__lock)
                  00008c2c    00000005                       : _lock.c.obj (.cinit:__unlock)
                  00008c31    00000004                       : errno.c.obj (.cinit)
                  00008c35    00000002     --HOLE-- [fill = 0]

.pinit     0    00008000    00000000     UNINITIALIZED

.stack     1    00000400    00000300     UNINITIALIZED
                  00000400    00000300     --HOLE--

.ebss      1    0000c000    00001158     UNINITIALIZED
                  0000c000    00000a34     main.obj (.ebss)
                  0000ca34    00000006     rts2800_fpu32.lib : exit.c.obj (.ebss)
                  0000ca3a    00000002                       : _lock.c.obj (.ebss:__lock)
                  0000ca3c    00000002                       : _lock.c.obj (.ebss:__unlock)
                  0000ca3e    00000001                       : errno.c.obj (.ebss)
                  0000ca3f    00000001     --HOLE--
                  0000ca40    00000400     main.obj (.ebss:_s)
                  0000ce40    00000200     main.obj (.ebss:_s_abs)
                  0000d040    00000100     main.obj (.ebss:_A0Sample)
                  0000d140    00000018     DSP2833x_CpuTimers.obj (.ebss)

.econst    1    0000d158    00000100     
                  0000d158    00000100     DSP2833x_PieVect.obj (.econst:_PieVectTableInit)

.reset     0    003fffc0    00000002     DSECT
                  003fffc0    00000002     rts2800_fpu32.lib : boot28.asm.obj (.reset)

csm_rsvd   0    0033ff80    00000000     DSECT

csmpasswds 
*          0    0033fff8    00000000     DSECT

.adc_cal   0    00380080    00000007     NOLOAD SECTION
                  00380080    00000007     DSP2833x_ADC_cal.obj (.adc_cal)

MODULE SUMMARY

       Module                            code   initialized data   uninitialized data
       ------                            ----   ----------------   ------------------
    .\SRC\
       main.obj                          763    101                4404              
       DSP2833x_GlobalVariableDefs.obj   0      0                  2678              
       DSP2833x_DefaultIsr.obj           803    0                  0                 
       Gpio.obj                          440    0                  0                 
       DSP2833x_PieVect.obj              32     256                0                 
       DSP2833x_SysCtrl.obj              270    0                  0                 
       DSP2833x_Adc.obj                  44     0                  0                 
       DSP2833x_PieCtrl.obj              40     0                  0                 
       DSP2833x_CpuTimers.obj            0      0                  24                
       DSP2833x_CodeStartBranch.obj      10     0                  0                 
       DSP2833x_ADC_cal.obj              7      0                  0                 
       DSP2833x_usDelay.obj              4      0                  0                 
    +--+---------------------------------+------+------------------+--------------------+
       Total:                            2413   357                7106              
                                                                                     
    D:\ti\ccs920\ccs\tools\compiler\ti-cgt-c2000_18.12.3.LTS\lib\rts2800_fpu32.lib
       fs_div28.asm.obj                  136    0                  0                 
       s_cosf.c.obj                      99     0                  0                 
       s_sinf.c.obj                      89     0                  0                 
       boot28.asm.obj                    86     0                  0                 
       exit.c.obj                        41     14                 6                 
       e_sqrtf.c.obj                     39     0                  0                 
       cpy_tbl.c.obj                     36     0                  0                 
       memcpy.c.obj                      29     0                  0                 
       args_main.c.obj                   25     0                  0                 
       _lock.c.obj                       9      10                 4                 
       errno.c.obj                       0      4                  1                 
       pre_init.c.obj                    2      0                  0                 
       startup.c.obj                     1      0                  0                 
    +--+---------------------------------+------+------------------+--------------------+
       Total:                            592    28                 11                
                                                                                     
       Stack:                            0      0                  768               
    +--+---------------------------------+------+------------------+--------------------+
       Grand Total:                      3005   385                7885              


GLOBAL DATA SYMBOLS: SORTED BY DATA PAGE

address     data page           name
--------    ----------------    ----
00000400      10 (00000400)     __stack

00000880      22 (00000880)     _DevEmuRegs

00000a80      2a (00000a80)     _FlashRegs

00000ae0      2b (00000ac0)     _CsmRegs

00000b00      2c (00000b00)     _AdcMirror
00000b20      2c (00000b00)     _XintfRegs

00000c00      30 (00000c00)     _CpuTimer0Regs
00000c08      30 (00000c00)     _CpuTimer1Regs
00000c10      30 (00000c00)     _CpuTimer2Regs

00000ce0      33 (00000cc0)     _PieCtrlRegs

00000d00      34 (00000d00)     _PieVectTable

00001000      40 (00001000)     _DmaRegs

00005000     140 (00005000)     _McbspaRegs

00005040     141 (00005040)     _McbspbRegs

00006000     180 (00006000)     _ECanaRegs

00006040     181 (00006040)     _ECanaLAMRegs

00006080     182 (00006080)     _ECanaMOTSRegs

000060c0     183 (000060c0)     _ECanaMOTORegs

00006100     184 (00006100)     _ECanaMboxes

00006200     188 (00006200)     _ECanbRegs

00006240     189 (00006240)     _ECanbLAMRegs

00006280     18a (00006280)     _ECanbMOTSRegs

000062c0     18b (000062c0)     _ECanbMOTORegs

00006300     18c (00006300)     _ECanbMboxes

00006800     1a0 (00006800)     _EPwm1Regs

00006840     1a1 (00006840)     _EPwm2Regs

00006880     1a2 (00006880)     _EPwm3Regs

000068c0     1a3 (000068c0)     _EPwm4Regs

00006900     1a4 (00006900)     _EPwm5Regs

00006940     1a5 (00006940)     _EPwm6Regs

00006a00     1a8 (00006a00)     _ECap1Regs
00006a20     1a8 (00006a00)     _ECap2Regs

00006a40     1a9 (00006a40)     _ECap3Regs
00006a60     1a9 (00006a40)     _ECap4Regs

00006a80     1aa (00006a80)     _ECap5Regs
00006aa0     1aa (00006a80)     _ECap6Regs

00006b00     1ac (00006b00)     _EQep1Regs

00006b40     1ad (00006b40)     _EQep2Regs

00006f80     1be (00006f80)     _GpioCtrlRegs

00006fc0     1bf (00006fc0)     _GpioDataRegs
00006fe0     1bf (00006fc0)     _GpioIntRegs

00007010     1c0 (00007000)     _SysCtrlRegs

00007040     1c1 (00007040)     _SpiaRegs
00007050     1c1 (00007040)     _SciaRegs
00007070     1c1 (00007040)     _XIntruptRegs

00007100     1c4 (00007100)     _AdcRegs

00007750     1dd (00007740)     _ScibRegs
00007770     1dd (00007740)     _ScicRegs

00007900     1e4 (00007900)     _I2caRegs

0000c000     300 (0000c000)     _rdata_pointA
0000c001     300 (0000c000)     _rdata_pointB
0000c002     300 (0000c000)     _PassCount
0000c003     300 (0000c000)     _FailCount
0000c004     300 (0000c000)     _RAMDATA_POS
0000c005     300 (0000c000)     _RUN_mpriq
0000c006     300 (0000c000)     __OUT3_TEST
0000c007     300 (0000c000)     __NQEPPCO
0000c008     300 (0000c000)     _SW_NPR
0000c009     300 (0000c000)     _SW_MPR
0000c00a     300 (0000c000)     __OUT_AMUX1
0000c00b     300 (0000c000)     __OUT_AMUX2
0000c00c     300 (0000c000)     __NULL_VAL
0000c00d     300 (0000c000)     __MSG_SCOUT1
0000c00e     300 (0000c000)     __MSG_SCOUT2
0000c00f     300 (0000c000)     __SY_RTRN
0000c010     300 (0000c000)     __MC_TYPE
0000c011     300 (0000c000)     __MC_REV
0000c012     300 (0000c000)     __MC_DATE
0000c013     300 (0000c000)     __MC_ID
0000c014     300 (0000c000)     __SCIB_ADDR
0000c015     300 (0000c000)     __SW_FR
0000c016     300 (0000c000)     __DEADTIME
0000c017     300 (0000c000)     __COMPTIME
0000c018     300 (0000c000)     __MINONTIME
0000c019     300 (0000c000)     __RU_UDCT
0000c01a     300 (0000c000)     __RU_IDT
0000c01b     300 (0000c000)     __RU_IQT
0000c01c     300 (0000c000)     __RU_TOQT
0000c01d     300 (0000c000)     __RU_AGLT
0000c01e     300 (0000c000)     __NIDRF
0000c01f     300 (0000c000)     __MIDRF
0000c020     300 (0000c000)     __NIQRF
0000c021     300 (0000c000)     __MIQRF
0000c022     300 (0000c000)     __TOQRF
0000c023     300 (0000c000)     __AGLRF
0000c024     300 (0000c000)     __EIDCO
0000c025     300 (0000c000)     __ENCODPOS
0000c026     300 (0000c000)     __EIN
0000c027     300 (0000c000)     __SYSRUN
0000c028     300 (0000c000)     __RESET
0000c029     300 (0000c000)     __STDBY1
0000c02a     300 (0000c000)     __STDBY2
0000c02b     300 (0000c000)     __STDBY3
0000c02c     300 (0000c000)     __STDBY4
0000c02d     300 (0000c000)     __STDBY5
0000c02e     300 (0000c000)     __STDBY6
0000c02f     300 (0000c000)     __STDBY7
0000c030     300 (0000c000)     __STDBY8
0000c031     300 (0000c000)     __SCOUTL
0000c032     300 (0000c000)     __SCOUTH
0000c033     300 (0000c000)     __ENSCR
0000c034     300 (0000c000)     __COMP2
0000c035     300 (0000c000)     __AUTOCSTAC
0000c036     300 (0000c000)     __OPERATION
0000c037     300 (0000c000)     __CANOPER
0000c038     300 (0000c000)     __NPR_U_Kp
0000c039     300 (0000c000)     __NPR_U_Ki
0000c03a     300 (0000c000)     __NPR_U_Kd
0000c03b     300 (0000c000)     __NPR_U_outmax
0000c03c     300 (0000c000)     __NPR_U_errmax
0000c03d     300 (0000c000)     __NPR_U_errmin
0000c03e     300 (0000c000)     __NPR_U_incrementmax
0000c03f     300 (0000c000)     __NPR_ID_Kp

0000c040     301 (0000c040)     __NPR_ID_Ki
0000c041     301 (0000c040)     __NPR_ID_Kd
0000c042     301 (0000c040)     __NPR_ID_outmax
0000c043     301 (0000c040)     __NPR_ID_errmax
0000c044     301 (0000c040)     __NPR_ID_errmin
0000c045     301 (0000c040)     __NPR_ID_incrementmax
0000c046     301 (0000c040)     __NPR_IQ_Kp
0000c047     301 (0000c040)     __NPR_IQ_Ki
0000c048     301 (0000c040)     __NPR_IQ_Kd
0000c049     301 (0000c040)     __NPR_IQ_outmax
0000c04a     301 (0000c040)     __NPR_IQ_errmax
0000c04b     301 (0000c040)     __NPR_IQ_errmin
0000c04c     301 (0000c040)     __NPR_IQ_incrementmax
0000c04d     301 (0000c040)     __MPR_U_Kp
0000c04e     301 (0000c040)     __MPR_U_Ki
0000c04f     301 (0000c040)     __MPR_U_Kd
0000c050     301 (0000c040)     __MPR_U_outmax
0000c051     301 (0000c040)     __MPR_U_errmax
0000c052     301 (0000c040)     __MPR_U_errmin
0000c053     301 (0000c040)     __MPR_U_incrementmax
0000c054     301 (0000c040)     __MPR_ID_Kp
0000c055     301 (0000c040)     __MPR_ID_Ki
0000c056     301 (0000c040)     __MPR_ID_Kd
0000c057     301 (0000c040)     __MPR_ID_outmax
0000c058     301 (0000c040)     __MPR_ID_errmax
0000c059     301 (0000c040)     __MPR_ID_errmin
0000c05a     301 (0000c040)     __MPR_ID_incrementmax
0000c05b     301 (0000c040)     __MPR_IQ_Kp
0000c05c     301 (0000c040)     __MPR_IQ_Ki
0000c05d     301 (0000c040)     __MPR_IQ_Kd
0000c05e     301 (0000c040)     __MPR_IQ_outmax
0000c05f     301 (0000c040)     __MPR_IQ_errmax
0000c060     301 (0000c040)     __MPR_IQ_errmin
0000c061     301 (0000c040)     __MPR_IQ_incrementmax
0000c062     301 (0000c040)     __DYN_U_Kp
0000c063     301 (0000c040)     __DYN_U_Ki
0000c064     301 (0000c040)     __DYN_U_Kd
0000c065     301 (0000c040)     __DYN_U_outmax
0000c066     301 (0000c040)     __DYN_U_errmax
0000c067     301 (0000c040)     __DYN_U_errmin
0000c068     301 (0000c040)     __DYN_U_incrementmax
0000c069     301 (0000c040)     __SC_RTRN
0000c06a     301 (0000c040)     __SC_RTRT
0000c06b     301 (0000c040)     __SC_IACOV1
0000c06c     301 (0000c040)     __SC_UDCOV
0000c06d     301 (0000c040)     __SC_UDCOVH
0000c06e     301 (0000c040)     __SC_UDCLV
0000c06f     301 (0000c040)     __SC_VDCON
0000c070     301 (0000c040)     __SC_UACOV1
0000c071     301 (0000c040)     __SC_UACLV1
0000c072     301 (0000c040)     __SC_IACOV2
0000c073     301 (0000c040)     __SC_PGOV
0000c074     301 (0000c040)     __SC_QGOV
0000c075     301 (0000c040)     __SC_IACOVST
0000c076     301 (0000c040)     __BA_ERR4
0000c077     301 (0000c040)     __BA_ERR3
0000c078     301 (0000c040)     __BA_ERR2
0000c079     301 (0000c040)     __BA_ERR1
0000c07a     301 (0000c040)     __BA_ENIDRF
0000c07b     301 (0000c040)     __BA_ENIQRF
0000c07c     301 (0000c040)     __BA_EMIQRF
0000c07d     301 (0000c040)     __BA_ETOQRF
0000c07e     301 (0000c040)     __BA_EURF
0000c07f     301 (0000c040)     __BA_EUDC

0000c080     302 (0000c080)     __BA_EAGLRF
0000c081     302 (0000c080)     __BA_EIA1
0000c082     302 (0000c080)     __BA_EIB1
0000c083     302 (0000c080)     __BA_EIC1
0000c084     302 (0000c080)     __BA_EIA2
0000c085     302 (0000c080)     __BA_EIB2
0000c086     302 (0000c080)     __BA_EIC2
0000c087     302 (0000c080)     __BA_EUAB1
0000c088     302 (0000c080)     __BA_EUBC1
0000c089     302 (0000c080)     __BA_EUAB2
0000c08a     302 (0000c080)     __BA_EUBC2
0000c08b     302 (0000c080)     __BA_EUAB0
0000c08c     302 (0000c080)     __BA_EUBC0
0000c08d     302 (0000c080)     __BA_EFREQ
0000c08e     302 (0000c080)     __BA_ESPEED
0000c08f     302 (0000c080)     __BA_ENPRUD
0000c090     302 (0000c080)     __BA_ENPRUQ
0000c091     302 (0000c080)     __BA_ENPRUD2
0000c092     302 (0000c080)     __BA_ENPRUQ2
0000c093     302 (0000c080)     __BA_ENUDOUT
0000c094     302 (0000c080)     __BA_ENUQOUT
0000c095     302 (0000c080)     __BA_ETA1
0000c096     302 (0000c080)     __BA_ETB1
0000c097     302 (0000c080)     __BA_ETC1
0000c098     302 (0000c080)     __BA_ETA2
0000c099     302 (0000c080)     __BA_ETB2
0000c09a     302 (0000c080)     __BA_ETC2
0000c09b     302 (0000c080)     __BA_EPIONU
0000c09c     302 (0000c080)     __BA_EPIONID
0000c09d     302 (0000c080)     __BA_EPIONIQ
0000c09e     302 (0000c080)     __BA_EMEXI
0000c09f     302 (0000c080)     __BA_EPIOMID
0000c0a0     302 (0000c080)     __BA_EPIOMIQ
0000c0a1     302 (0000c080)     __BA_ETLAC
0000c0a2     302 (0000c080)     __BA_ETLDUDT
0000c0a3     302 (0000c080)     __BA_ETSKIIP
0000c0a4     302 (0000c080)     __BA_ESTAIAC
0000c0a5     302 (0000c080)     __BA_ESTAIBA
0000c0a6     302 (0000c080)     __BA_ETOQFB
0000c0a7     302 (0000c080)     __BA_EPSTA
0000c0a8     302 (0000c080)     __BA_EPNPR
0000c0a9     302 (0000c080)     __BA_EPGRID
0000c0aa     302 (0000c080)     __BA_TIME4_0
0000c0ab     302 (0000c080)     __BA_TIME4_1
0000c0ac     302 (0000c080)     __BA_TIME4_2
0000c0ad     302 (0000c080)     __BA_TIME4_3
0000c0ae     302 (0000c080)     __BA_TIME4_4
0000c0af     302 (0000c080)     __BA_TIME4_5
0000c0b0     302 (0000c080)     __BA_TIME3_0
0000c0b1     302 (0000c080)     __BA_TIME3_1
0000c0b2     302 (0000c080)     __BA_TIME3_2
0000c0b3     302 (0000c080)     __BA_TIME3_3
0000c0b4     302 (0000c080)     __BA_TIME3_4
0000c0b5     302 (0000c080)     __BA_TIME3_5
0000c0b6     302 (0000c080)     __BA_TIME2_0
0000c0b7     302 (0000c080)     __BA_TIME2_1
0000c0b8     302 (0000c080)     __BA_TIME2_2
0000c0b9     302 (0000c080)     __BA_TIME2_3
0000c0ba     302 (0000c080)     __BA_TIME2_4
0000c0bb     302 (0000c080)     __BA_TIME2_5
0000c0bc     302 (0000c080)     __BA_TIME1_0
0000c0bd     302 (0000c080)     __BA_TIME1_1
0000c0be     302 (0000c080)     __BA_TIME1_2
0000c0bf     302 (0000c080)     __BA_TIME1_3

0000c0c0     303 (0000c0c0)     __BA_TIME1_4
0000c0c1     303 (0000c0c0)     __BA_TIME1_5
0000c0c2     303 (0000c0c0)     __BA_MIDRF
0000c0c3     303 (0000c0c0)     __BA_NIQRF
0000c0c4     303 (0000c0c0)     __BA_MIQRF
0000c0c5     303 (0000c0c0)     __BA_TOQRF
0000c0c6     303 (0000c0c0)     __BA_AGLRF
0000c0c7     303 (0000c0c0)     __BA_TOQFB
0000c0c8     303 (0000c0c0)     __BA_URF
0000c0c9     303 (0000c0c0)     __BA_UDC
0000c0ca     303 (0000c0c0)     __BA_IA1
0000c0cb     303 (0000c0c0)     __BA_IB1
0000c0cc     303 (0000c0c0)     __BA_IC1
0000c0cd     303 (0000c0c0)     __BA_IA2
0000c0ce     303 (0000c0c0)     __BA_IB2
0000c0cf     303 (0000c0c0)     __BA_IC2
0000c0d0     303 (0000c0c0)     __BA_UAB1
0000c0d1     303 (0000c0c0)     __BA_UBC1
0000c0d2     303 (0000c0c0)     __BA_UAB2
0000c0d3     303 (0000c0c0)     __BA_UBC2
0000c0d4     303 (0000c0c0)     __BA_UAB0
0000c0d5     303 (0000c0c0)     __BA_UBC0
0000c0d6     303 (0000c0c0)     __BA_FREQ
0000c0d7     303 (0000c0c0)     __BA_SPEED
0000c0d8     303 (0000c0c0)     __BA_TA1
0000c0d9     303 (0000c0c0)     __BA_TB1
0000c0da     303 (0000c0c0)     __BA_TC1
0000c0db     303 (0000c0c0)     __BA_TA2
0000c0dc     303 (0000c0c0)     __BA_TB2
0000c0dd     303 (0000c0c0)     __BA_TC2
0000c0de     303 (0000c0c0)     __BA_PIONU
0000c0df     303 (0000c0c0)     __BA_PIONID
0000c0e0     303 (0000c0c0)     __BA_PIONIQ
0000c0e1     303 (0000c0c0)     __BA_MEXI
0000c0e2     303 (0000c0c0)     __BA_PIOMID
0000c0e3     303 (0000c0c0)     __BA_PIOMIQ
0000c0e4     303 (0000c0c0)     __BA_GRDUD
0000c0e5     303 (0000c0c0)     __BA_GRDUQ
0000c0e6     303 (0000c0c0)     __BA_STAUD
0000c0e7     303 (0000c0c0)     __BA_STAUQ
0000c0e8     303 (0000c0c0)     __BA_STAID
0000c0e9     303 (0000c0c0)     __BA_STAIQ
0000c0ea     303 (0000c0c0)     __BA_EXCID
0000c0eb     303 (0000c0c0)     __BA_EXCIQ
0000c0ec     303 (0000c0c0)     __BA_TLAC
0000c0ed     303 (0000c0c0)     __BA_TLDUDT
0000c0ee     303 (0000c0c0)     __BA_TNSKIIP
0000c0ef     303 (0000c0c0)     __BA_TMSKIIP
0000c0f0     303 (0000c0c0)     __BA_STAUABD
0000c0f1     303 (0000c0c0)     __BA_STAUBCD
0000c0f2     303 (0000c0c0)     __BA_STAIAC
0000c0f3     303 (0000c0c0)     __BA_STAIBA
0000c0f4     303 (0000c0c0)     __BA_PSTA
0000c0f5     303 (0000c0c0)     __BA_PNPR
0000c0f6     303 (0000c0c0)     __BA_PGRID
0000c0f7     303 (0000c0c0)     __BA_QSTA
0000c0f8     303 (0000c0c0)     __BA_QNPR
0000c0f9     303 (0000c0c0)     __BA_QGRID
0000c0fa     303 (0000c0c0)     __BA_SSTA
0000c0fb     303 (0000c0c0)     __BA_SNPR
0000c0fc     303 (0000c0c0)     __BA_SGRID
0000c0fd     303 (0000c0c0)     __SC_NPR_TLOV
0000c0fe     303 (0000c0c0)     __SC_MPR_TLOV
0000c0ff     303 (0000c0c0)     __SC_LVUDC1

0000c100     304 (0000c100)     __SC_LVUDC2
0000c101     304 (0000c100)     __SC_LVIAC2
0000c102     304 (0000c100)     __SC_TSCRON
0000c103     304 (0000c100)     __SC_MPR_UD
0000c104     304 (0000c100)     __SC_MPR_UQ
0000c105     304 (0000c100)     __SC_MSPEED1
0000c106     304 (0000c100)     __SC_MSPEED2
0000c107     304 (0000c100)     __SC_UDSTAC
0000c108     304 (0000c100)     __SCIB_BAUD
0000c109     304 (0000c100)     __BA_LEDV
0000c10a     304 (0000c100)     __BA_LEDB
0000c10b     304 (0000c100)     _zys1
0000c10c     304 (0000c100)     _zys2
0000c10d     304 (0000c100)     _zys3
0000c10e     304 (0000c100)     _zys4
0000c10f     304 (0000c100)     _zsector
0000c110     304 (0000c100)     _array_index
0000c111     304 (0000c100)     _i
0000c112     304 (0000c100)     _gpio_flag
0000c114     304 (0000c100)     _CurrentMsgPtr
0000c116     304 (0000c100)     _RUN_mpridrf_exi
0000c118     304 (0000c100)     _ET_SUM1
0000c11a     304 (0000c100)     _ET_SUM2
0000c11c     304 (0000c100)     _vdc
0000c11e     304 (0000c100)     _m
0000c120     304 (0000c100)     _ua_m
0000c122     304 (0000c100)     _ub_m
0000c124     304 (0000c100)     _uc_m
0000c126     304 (0000c100)     _u_alfa_NPR
0000c128     304 (0000c100)     _u_beta_NPR
0000c12a     304 (0000c100)     _u_alfa_MPR
0000c12c     304 (0000c100)     _u_beta_MPR
0000c12e     304 (0000c100)     _OCS_Trf
0000c130     304 (0000c100)     _AD_OUT_UDC
0000c132     304 (0000c100)     _AD_OUT_UDC_PRO
0000c134     304 (0000c100)     _POSCNT_TEST
0000c136     304 (0000c100)     _DM_imrd
0000c138     304 (0000c100)     _DM_imrq
0000c13a     304 (0000c100)     _DM_Lr
0000c13c     304 (0000c100)     _Te_feedback
0000c13e     304 (0000c100)     _Pnactive

0000c140     305 (0000c140)     _Pnreactive
0000c142     305 (0000c140)     __eidco
0000c144     305 (0000c140)     __encodpos
0000c146     305 (0000c140)     __stdby01
0000c148     305 (0000c140)     __stdby02
0000c14a     305 (0000c140)     __stdby03
0000c14c     305 (0000c140)     __stdby04
0000c14e     305 (0000c140)     __stdby05
0000c150     305 (0000c140)     __stdby06
0000c152     305 (0000c140)     __stdby07
0000c154     305 (0000c140)     __stdby08
0000c156     305 (0000c140)     _zys
0000c158     305 (0000c140)     _i_cnt1
0000c15a     305 (0000c140)     _i_cnt2
0000c15c     305 (0000c140)     _i_cnt3
0000c15e     305 (0000c140)     _testtheta
0000c160     305 (0000c140)     _MPPT_Pnactive
0000c162     305 (0000c140)     _Pnactive_pre
0000c164     305 (0000c140)     _GIVE_NPR_Id_pre
0000c166     305 (0000c140)     _MPPT_cnt
0000c168     305 (0000c140)     _cnt_Island_U
0000c16a     305 (0000c140)     _cnt_Island_F
0000c16c     305 (0000c140)     _MPPT_Time
0000c16e     305 (0000c140)     _MPPT_Id
0000c170     305 (0000c140)     _adoffset
0000c172     305 (0000c140)     _adsum
0000c174     305 (0000c140)     _SPI
0000c179     305 (0000c140)     _RTIMER

0000c180     306 (0000c180)     _Island
0000c186     306 (0000c180)     _GIVE
0000c18e     306 (0000c180)     _ADFINAL
0000c196     306 (0000c180)     _PI_NPR_Id
0000c1a2     306 (0000c180)     _PI_NPR_Iq
0000c1ae     306 (0000c180)     _PI_MPR_Id

0000c1c0     307 (0000c1c0)     _PI_MPR_Iq
0000c1cc     307 (0000c1c0)     _PI_NPR_U
0000c1d8     307 (0000c1c0)     _PI_MPR_U
0000c1e4     307 (0000c1c0)     _PI_STA_Id
0000c1f0     307 (0000c1c0)     _PI_STA_Iq

0000c200     308 (0000c200)     _EEPROM
0000c20e     308 (0000c200)     _PI_PARA_NPRU
0000c21c     308 (0000c200)     _PI_PARA_NPRID
0000c22a     308 (0000c200)     _PI_PARA_MPRU

0000c240     309 (0000c240)     _PI_PARA_MPRID
0000c24e     309 (0000c240)     _PI_PARA_NPRIQ
0000c25c     309 (0000c240)     _PI_PARA_MPRIQ
0000c26a     309 (0000c240)     _PI_PARA_DYNU

0000c280     30a (0000c280)     _PI_PARA_DYNID
0000c28e     30a (0000c280)     _PI_PARA_DYNIQ
0000c29c     30a (0000c280)     _PI_PARA_MPRI
0000c2aa     30a (0000c280)     _PI_PARA_STAI

0000c2c0     30b (0000c2c0)     _AMUX
0000c2d6     30b (0000c2c0)     _I2cMsgOut1

0000c300     30c (0000c300)     _I2cMsgIn1
0000c318     30c (0000c300)     _SCI

0000c340     30d (0000c340)     _CAP3
0000c35a     30d (0000c340)     _CAP4

0000c380     30e (0000c380)     _TRS_NPR_I
0000c39c     30e (0000c380)     _TRS_MPR_I

0000c3c0     30f (0000c3c0)     _TRS_MPR_U
0000c3dc     30f (0000c3c0)     _TRS_NPR_U

0000c400     310 (0000c400)     _TRS_NGS_U
0000c41c     310 (0000c400)     _TRS_STA_I

0000c440     311 (0000c440)     _TRS_STA_U
0000c45c     311 (0000c440)     _TRS_GSTA_U

0000c480     312 (0000c480)     _TRS_PSTA_U
0000c49c     312 (0000c480)     _TRS_PMPR_I

0000c4c0     313 (0000c4c0)     _DIP_NPR_U
0000c4dc     313 (0000c4c0)     _DIP_NPR_I

0000c500     314 (0000c500)     _DIP_STA_U
0000c51c     314 (0000c500)     _DIP_STA_I

0000c540     315 (0000c540)     _DIP_MPR_I
0000c55c     315 (0000c540)     _AD

0000c580     316 (0000c580)     _QEPDATA

0000c5c0     317 (0000c5c0)     _AD_OUT_U

0000c600     318 (0000c600)     _AD_OUT_STA_U

0000c640     319 (0000c640)     _AD_OUT_NGS_U

0000c680     31a (0000c680)     _AD_OUT_NPR_I

0000c6c0     31b (0000c6c0)     _AD_OUT_MPR_I

0000c700     31c (0000c700)     _AD_OUT_STA_I

0000c740     31d (0000c740)     _AD_OUT_NGF_U

0000c780     31e (0000c780)     _AD_OUT_STAD_U

0000c7c0     31f (0000c7c0)     _AD_OUT_SCR_I

0000c800     320 (0000c800)     _MEAN_DATA

0000c840     321 (0000c840)     _AD_OUT_I

0000c880     322 (0000c880)     _RUN

0000c8c0     323 (0000c8c0)     _DISP

0000c900     324 (0000c900)     _SCI_canopen

0000c940     325 (0000c940)     _PRO

0000c9c0     327 (0000c9c0)     _MAIN_LOOP

0000ca34     328 (0000ca00)     ___TI_enable_exit_profile_output
0000ca36     328 (0000ca00)     ___TI_cleanup_ptr
0000ca38     328 (0000ca00)     ___TI_dtors_ptr
0000ca3a     328 (0000ca00)     __lock
0000ca3c     328 (0000ca00)     __unlock
0000ca3e     328 (0000ca00)     _errno

0000ca40     329 (0000ca40)     _s

0000ce40     339 (0000ce40)     _s_abs

0000d040     341 (0000d040)     _A0Sample

0000d140     345 (0000d140)     _CpuTimer0
0000d148     345 (0000d140)     _CpuTimer1
0000d150     345 (0000d140)     _CpuTimer2
0000d158     345 (0000d140)     _PieVectTableInit

0033fff8    cfff (0033ffc0)     _CsmPwl


GLOBAL SYMBOLS: SORTED ALPHABETICALLY BY Name 

page  address   name                            
----  -------   ----                            
0     00008000  .text                           
0     00008aaa  C$$EXIT                         
0     000088e4  FS$$DIV                         
1     0000d040  _A0Sample                       
1     0000c55c  _AD                             
0     000080e6  _ADCINT_ISR                     
0     00380080  _ADC_cal                        
1     0000c18e  _ADFINAL                        
1     0000c840  _AD_OUT_I                       
1     0000c6c0  _AD_OUT_MPR_I                   
1     0000c740  _AD_OUT_NGF_U                   
1     0000c640  _AD_OUT_NGS_U                   
1     0000c680  _AD_OUT_NPR_I                   
1     0000c7c0  _AD_OUT_SCR_I                   
1     0000c780  _AD_OUT_STAD_U                  
1     0000c700  _AD_OUT_STA_I                   
1     0000c600  _AD_OUT_STA_U                   
1     0000c5c0  _AD_OUT_U                       
1     0000c130  _AD_OUT_UDC                     
1     0000c132  _AD_OUT_UDC_PRO                 
1     0000c2c0  _AMUX                           
1     00000b00  _AdcMirror                      
1     00007100  _AdcRegs                        
1     0000c340  _CAP3                           
1     0000c35a  _CAP4                           
1     0000d140  _CpuTimer0                      
1     00000c00  _CpuTimer0Regs                  
1     0000d148  _CpuTimer1                      
1     00000c08  _CpuTimer1Regs                  
1     0000d150  _CpuTimer2                      
1     00000c10  _CpuTimer2Regs                  
1     0033fff8  _CsmPwl                         
1     00000ae0  _CsmRegs                        
0     000088b3  _CsmUnlock                      
1     0000c114  _CurrentMsgPtr                  
0     00008014  _DATALOG_ISR                    
0     00008208  _DINTCH1_ISR                    
0     00008212  _DINTCH2_ISR                    
0     0000821c  _DINTCH3_ISR                    
0     00008226  _DINTCH4_ISR                    
0     00008230  _DINTCH5_ISR                    
0     0000823a  _DINTCH6_ISR                    
1     0000c540  _DIP_MPR_I                      
1     0000c4dc  _DIP_NPR_I                      
1     0000c4c0  _DIP_NPR_U                      
1     0000c51c  _DIP_STA_I                      
1     0000c500  _DIP_STA_U                      
1     0000c8c0  _DISP                           
1     0000c13a  _DM_Lr                          
1     0000c136  _DM_imrd                        
1     0000c138  _DM_imrq                        
0     00008bae  _DSP28x_usDelay                 
1     00000880  _DevEmuRegs                     
0     00008804  _DisableDog                     
1     00001000  _DmaRegs                        
0     00008294  _ECAN0INTA_ISR                  
0     000082a8  _ECAN0INTB_ISR                  
0     0000829e  _ECAN1INTA_ISR                  
0     000082b2  _ECAN1INTB_ISR                  
0     0000817c  _ECAP1_INT_ISR                  
0     00008186  _ECAP2_INT_ISR                  
0     00008190  _ECAP3_INT_ISR                  
0     0000819a  _ECAP4_INT_ISR                  
0     000081a4  _ECAP5_INT_ISR                  
0     000081ae  _ECAP6_INT_ISR                  
1     00006040  _ECanaLAMRegs                   
1     000060c0  _ECanaMOTORegs                  
1     00006080  _ECanaMOTSRegs                  
1     00006100  _ECanaMboxes                    
1     00006000  _ECanaRegs                      
1     00006240  _ECanbLAMRegs                   
1     000062c0  _ECanbMOTORegs                  
1     00006280  _ECanbMOTSRegs                  
1     00006300  _ECanbMboxes                    
1     00006200  _ECanbRegs                      
1     00006a00  _ECap1Regs                      
1     00006a20  _ECap2Regs                      
1     00006a40  _ECap3Regs                      
1     00006a60  _ECap4Regs                      
1     00006a80  _ECap5Regs                      
1     00006aa0  _ECap6Regs                      
0     00008323  _EE                             
1     0000c200  _EEPROM                         
0     00008302  _EMPTY_ISR                      
0     00008028  _EMUINT_ISR                     
0     00008140  _EPWM1_INT_ISR                  
0     00008104  _EPWM1_TZINT_ISR                
0     0000814a  _EPWM2_INT_ISR                  
0     0000810e  _EPWM2_TZINT_ISR                
0     00008154  _EPWM3_INT_ISR                  
0     00008118  _EPWM3_TZINT_ISR                
0     0000815e  _EPWM4_INT_ISR                  
0     00008122  _EPWM4_TZINT_ISR                
0     00008168  _EPWM5_INT_ISR                  
0     0000812c  _EPWM5_TZINT_ISR                
0     00008172  _EPWM6_INT_ISR                  
0     00008136  _EPWM6_TZINT_ISR                
1     00006800  _EPwm1Regs                      
1     00006840  _EPwm2Regs                      
1     00006880  _EPwm3Regs                      
1     000068c0  _EPwm4Regs                      
1     00006900  _EPwm5Regs                      
1     00006940  _EPwm6Regs                      
0     000081b8  _EQEP1_INT_ISR                  
0     000081c2  _EQEP2_INT_ISR                  
1     00006b00  _EQep1Regs                      
1     00006b40  _EQep2Regs                      
1     0000c118  _ET_SUM1                        
1     0000c11a  _ET_SUM2                        
0     00008af2  _EnableInterrupts               
0     00008439  _FFT                            
1     0000c003  _FailCount                      
1     00000a80  _FlashRegs                      
1     0000c186  _GIVE                           
1     0000c164  _GIVE_NPR_Id_pre                
1     00006f80  _GpioCtrlRegs                   
1     00006fc0  _GpioDataRegs                   
1     00006fe0  _GpioIntRegs                    
0     00008244  _I2CINT1A_ISR                   
0     0000824e  _I2CINT2A_ISR                   
1     0000c300  _I2cMsgIn1                      
1     0000c2d6  _I2cMsgOut1                     
1     00007900  _I2caRegs                       
0     0000803c  _ILLEGAL_ISR                    
0     00008000  _INT13_ISR                      
0     0000800a  _INT14_ISR                      
0     00008a7e  _InitAdc                        
0     000087df  _InitFlash                      
0     0000861e  _InitGpio                       
0     0000885d  _InitPeripheralClocks           
0     00008ad3  _InitPieCtrl                    
0     00008b47  _InitPieVectTable               
0     0000880c  _InitPll                        
0     000087d6  _InitSysCtrl                    
1     0000c180  _Island                         
0     000082f8  _LUF_ISR                        
0     000082ee  _LVF_ISR                        
1     0000c9c0  _MAIN_LOOP                      
1     0000c800  _MEAN_DATA                      
1     0000c16e  _MPPT_Id                        
1     0000c160  _MPPT_Pnactive                  
1     0000c16c  _MPPT_Time                      
1     0000c166  _MPPT_cnt                       
0     000081f4  _MRINTA_ISR                     
0     000081e0  _MRINTB_ISR                     
0     000081fe  _MXINTA_ISR                     
0     000081ea  _MXINTB_ISR                     
1     00005000  _McbspaRegs                     
1     00005040  _McbspbRegs                     
0     00008032  _NMI_ISR                        
1     0000c12e  _OCS_Trf                        
0     0000830f  _PIE_RESERVED                   
1     0000c1ae  _PI_MPR_Id                      
1     0000c1c0  _PI_MPR_Iq                      
1     0000c1d8  _PI_MPR_U                       
1     0000c196  _PI_NPR_Id                      
1     0000c1a2  _PI_NPR_Iq                      
1     0000c1cc  _PI_NPR_U                       
1     0000c280  _PI_PARA_DYNID                  
1     0000c28e  _PI_PARA_DYNIQ                  
1     0000c26a  _PI_PARA_DYNU                   
1     0000c29c  _PI_PARA_MPRI                   
1     0000c240  _PI_PARA_MPRID                  
1     0000c25c  _PI_PARA_MPRIQ                  
1     0000c22a  _PI_PARA_MPRU                   
1     0000c21c  _PI_PARA_NPRID                  
1     0000c24e  _PI_PARA_NPRIQ                  
1     0000c20e  _PI_PARA_NPRU                   
1     0000c2aa  _PI_PARA_STAI                   
1     0000c1e4  _PI_STA_Id                      
1     0000c1f0  _PI_STA_Iq                      
1     0000c134  _POSCNT_TEST                    
1     0000c940  _PRO                            
1     0000c002  _PassCount                      
1     00000ce0  _PieCtrlRegs                    
1     00000d00  _PieVectTable                   
1     0000d158  _PieVectTableInit               
1     0000c13e  _Pnactive                       
1     0000c162  _Pnactive_pre                   
1     0000c140  _Pnreactive                     
1     0000c580  _QEPDATA                        
1     0000c004  _RAMDATA_POS                    
1     0000c179  _RTIMER                         
0     0000801e  _RTOSINT_ISR                    
1     0000c880  _RUN                            
1     0000c116  _RUN_mpridrf_exi                
1     0000c005  _RUN_mpriq                      
1     0000c318  _SCI                            
0     0000826c  _SCIRXINTA_ISR                  
0     00008280  _SCIRXINTB_ISR                  
0     00008258  _SCIRXINTC_ISR                  
0     00008276  _SCITXINTA_ISR                  
0     0000828a  _SCITXINTB_ISR                  
0     00008262  _SCITXINTC_ISR                  
1     0000c900  _SCI_canopen                    
0     000080be  _SEQ1INT_ISR                    
0     000080c8  _SEQ2INT_ISR                    
1     0000c174  _SPI                            
0     000081cc  _SPIRXINTA_ISR                  
0     000081d6  _SPITXINTA_ISR                  
1     0000c009  _SW_MPR                         
1     0000c008  _SW_NPR                         
0     00008549  _Sampling                       
1     00007050  _SciaRegs                       
1     00007750  _ScibRegs                       
1     00007770  _ScicRegs                       
0     000087fa  _ServiceDog                     
0     0000841a  _SetAdc                         
0     0000852a  _SetSys                         
1     00007040  _SpiaRegs                       
1     00007010  _SysCtrlRegs                    
0     000080f0  _TINT0_ISR                      
1     0000c45c  _TRS_GSTA_U                     
1     0000c39c  _TRS_MPR_I                      
1     0000c3c0  _TRS_MPR_U                      
1     0000c400  _TRS_NGS_U                      
1     0000c380  _TRS_NPR_I                      
1     0000c3dc  _TRS_NPR_U                      
1     0000c49c  _TRS_PMPR_I                     
1     0000c480  _TRS_PSTA_U                     
1     0000c41c  _TRS_STA_I                      
1     0000c440  _TRS_STA_U                      
1     0000c13c  _Te_feedback                    
0     000080a0  _USER10_ISR                     
0     000080aa  _USER11_ISR                     
0     000080b4  _USER12_ISR                     
0     00008046  _USER1_ISR                      
0     00008050  _USER2_ISR                      
0     0000805a  _USER3_ISR                      
0     00008064  _USER4_ISR                      
0     0000806e  _USER5_ISR                      
0     00008078  _USER6_ISR                      
0     00008082  _USER7_ISR                      
0     0000808c  _USER8_ISR                      
0     00008096  _USER9_ISR                      
0     000080fa  _WAKEINT_ISR                    
0     000080d2  _XINT1_ISR                      
0     000080dc  _XINT2_ISR                      
0     000082bc  _XINT3_ISR                      
0     000082c6  _XINT4_ISR                      
0     000082d0  _XINT5_ISR                      
0     000082da  _XINT6_ISR                      
0     000082e4  _XINT7_ISR                      
1     00007070  _XIntruptRegs                   
1     00000b20  _XintfRegs                      
1     0000c023  __AGLRF                         
1     0000c035  __AUTOCSTAC                     
1     0000c0c6  __BA_AGLRF                      
1     0000c080  __BA_EAGLRF                     
1     0000c08d  __BA_EFREQ                      
1     0000c081  __BA_EIA1                       
1     0000c084  __BA_EIA2                       
1     0000c082  __BA_EIB1                       
1     0000c085  __BA_EIB2                       
1     0000c083  __BA_EIC1                       
1     0000c086  __BA_EIC2                       
1     0000c09e  __BA_EMEXI                      
1     0000c07c  __BA_EMIQRF                     
1     0000c07a  __BA_ENIDRF                     
1     0000c07b  __BA_ENIQRF                     
1     0000c08f  __BA_ENPRUD                     
1     0000c091  __BA_ENPRUD2                    
1     0000c090  __BA_ENPRUQ                     
1     0000c092  __BA_ENPRUQ2                    
1     0000c093  __BA_ENUDOUT                    
1     0000c094  __BA_ENUQOUT                    
1     0000c0a9  __BA_EPGRID                     
1     0000c09f  __BA_EPIOMID                    
1     0000c0a0  __BA_EPIOMIQ                    
1     0000c09c  __BA_EPIONID                    
1     0000c09d  __BA_EPIONIQ                    
1     0000c09b  __BA_EPIONU                     
1     0000c0a8  __BA_EPNPR                      
1     0000c0a7  __BA_EPSTA                      
1     0000c079  __BA_ERR1                       
1     0000c078  __BA_ERR2                       
1     0000c077  __BA_ERR3                       
1     0000c076  __BA_ERR4                       
1     0000c08e  __BA_ESPEED                     
1     0000c0a4  __BA_ESTAIAC                    
1     0000c0a5  __BA_ESTAIBA                    
1     0000c095  __BA_ETA1                       
1     0000c098  __BA_ETA2                       
1     0000c096  __BA_ETB1                       
1     0000c099  __BA_ETB2                       
1     0000c097  __BA_ETC1                       
1     0000c09a  __BA_ETC2                       
1     0000c0a1  __BA_ETLAC                      
1     0000c0a2  __BA_ETLDUDT                    
1     0000c0a6  __BA_ETOQFB                     
1     0000c07d  __BA_ETOQRF                     
1     0000c0a3  __BA_ETSKIIP                    
1     0000c08b  __BA_EUAB0                      
1     0000c087  __BA_EUAB1                      
1     0000c089  __BA_EUAB2                      
1     0000c08c  __BA_EUBC0                      
1     0000c088  __BA_EUBC1                      
1     0000c08a  __BA_EUBC2                      
1     0000c07f  __BA_EUDC                       
1     0000c07e  __BA_EURF                       
1     0000c0ea  __BA_EXCID                      
1     0000c0eb  __BA_EXCIQ                      
1     0000c0d6  __BA_FREQ                       
1     0000c0e4  __BA_GRDUD                      
1     0000c0e5  __BA_GRDUQ                      
1     0000c0ca  __BA_IA1                        
1     0000c0cd  __BA_IA2                        
1     0000c0cb  __BA_IB1                        
1     0000c0ce  __BA_IB2                        
1     0000c0cc  __BA_IC1                        
1     0000c0cf  __BA_IC2                        
1     0000c10a  __BA_LEDB                       
1     0000c109  __BA_LEDV                       
1     0000c0e1  __BA_MEXI                       
1     0000c0c2  __BA_MIDRF                      
1     0000c0c4  __BA_MIQRF                      
1     0000c0c3  __BA_NIQRF                      
1     0000c0f6  __BA_PGRID                      
1     0000c0e2  __BA_PIOMID                     
1     0000c0e3  __BA_PIOMIQ                     
1     0000c0df  __BA_PIONID                     
1     0000c0e0  __BA_PIONIQ                     
1     0000c0de  __BA_PIONU                      
1     0000c0f5  __BA_PNPR                       
1     0000c0f4  __BA_PSTA                       
1     0000c0f9  __BA_QGRID                      
1     0000c0f8  __BA_QNPR                       
1     0000c0f7  __BA_QSTA                       
1     0000c0fc  __BA_SGRID                      
1     0000c0fb  __BA_SNPR                       
1     0000c0d7  __BA_SPEED                      
1     0000c0fa  __BA_SSTA                       
1     0000c0f2  __BA_STAIAC                     
1     0000c0f3  __BA_STAIBA                     
1     0000c0e8  __BA_STAID                      
1     0000c0e9  __BA_STAIQ                      
1     0000c0f0  __BA_STAUABD                    
1     0000c0f1  __BA_STAUBCD                    
1     0000c0e6  __BA_STAUD                      
1     0000c0e7  __BA_STAUQ                      
1     0000c0d8  __BA_TA1                        
1     0000c0db  __BA_TA2                        
1     0000c0d9  __BA_TB1                        
1     0000c0dc  __BA_TB2                        
1     0000c0da  __BA_TC1                        
1     0000c0dd  __BA_TC2                        
1     0000c0bc  __BA_TIME1_0                    
1     0000c0bd  __BA_TIME1_1                    
1     0000c0be  __BA_TIME1_2                    
1     0000c0bf  __BA_TIME1_3                    
1     0000c0c0  __BA_TIME1_4                    
1     0000c0c1  __BA_TIME1_5                    
1     0000c0b6  __BA_TIME2_0                    
1     0000c0b7  __BA_TIME2_1                    
1     0000c0b8  __BA_TIME2_2                    
1     0000c0b9  __BA_TIME2_3                    
1     0000c0ba  __BA_TIME2_4                    
1     0000c0bb  __BA_TIME2_5                    
1     0000c0b0  __BA_TIME3_0                    
1     0000c0b1  __BA_TIME3_1                    
1     0000c0b2  __BA_TIME3_2                    
1     0000c0b3  __BA_TIME3_3                    
1     0000c0b4  __BA_TIME3_4                    
1     0000c0b5  __BA_TIME3_5                    
1     0000c0aa  __BA_TIME4_0                    
1     0000c0ab  __BA_TIME4_1                    
1     0000c0ac  __BA_TIME4_2                    
1     0000c0ad  __BA_TIME4_3                    
1     0000c0ae  __BA_TIME4_4                    
1     0000c0af  __BA_TIME4_5                    
1     0000c0ec  __BA_TLAC                       
1     0000c0ed  __BA_TLDUDT                     
1     0000c0ef  __BA_TMSKIIP                    
1     0000c0ee  __BA_TNSKIIP                    
1     0000c0c7  __BA_TOQFB                      
1     0000c0c5  __BA_TOQRF                      
1     0000c0d4  __BA_UAB0                       
1     0000c0d0  __BA_UAB1                       
1     0000c0d2  __BA_UAB2                       
1     0000c0d5  __BA_UBC0                       
1     0000c0d1  __BA_UBC1                       
1     0000c0d3  __BA_UBC2                       
1     0000c0c9  __BA_UDC                        
1     0000c0c8  __BA_URF                        
1     0000c037  __CANOPER                       
1     0000c034  __COMP2                         
1     0000c017  __COMPTIME                      
1     0000c016  __DEADTIME                      
1     0000c064  __DYN_U_Kd                      
1     0000c063  __DYN_U_Ki                      
1     0000c062  __DYN_U_Kp                      
1     0000c066  __DYN_U_errmax                  
1     0000c067  __DYN_U_errmin                  
1     0000c068  __DYN_U_incrementmax            
1     0000c065  __DYN_U_outmax                  
1     0000c024  __EIDCO                         
1     0000c026  __EIN                           
1     0000c025  __ENCODPOS                      
1     0000c033  __ENSCR                         
1     0000c012  __MC_DATE                       
1     0000c013  __MC_ID                         
1     0000c011  __MC_REV                        
1     0000c010  __MC_TYPE                       
1     0000c01f  __MIDRF                         
1     0000c018  __MINONTIME                     
1     0000c021  __MIQRF                         
1     0000c056  __MPR_ID_Kd                     
1     0000c055  __MPR_ID_Ki                     
1     0000c054  __MPR_ID_Kp                     
1     0000c058  __MPR_ID_errmax                 
1     0000c059  __MPR_ID_errmin                 
1     0000c05a  __MPR_ID_incrementmax           
1     0000c057  __MPR_ID_outmax                 
1     0000c05d  __MPR_IQ_Kd                     
1     0000c05c  __MPR_IQ_Ki                     
1     0000c05b  __MPR_IQ_Kp                     
1     0000c05f  __MPR_IQ_errmax                 
1     0000c060  __MPR_IQ_errmin                 
1     0000c061  __MPR_IQ_incrementmax           
1     0000c05e  __MPR_IQ_outmax                 
1     0000c04f  __MPR_U_Kd                      
1     0000c04e  __MPR_U_Ki                      
1     0000c04d  __MPR_U_Kp                      
1     0000c051  __MPR_U_errmax                  
1     0000c052  __MPR_U_errmin                  
1     0000c053  __MPR_U_incrementmax            
1     0000c050  __MPR_U_outmax                  
1     0000c00d  __MSG_SCOUT1                    
1     0000c00e  __MSG_SCOUT2                    
1     0000c01e  __NIDRF                         
1     0000c020  __NIQRF                         
1     0000c041  __NPR_ID_Kd                     
1     0000c040  __NPR_ID_Ki                     
1     0000c03f  __NPR_ID_Kp                     
1     0000c043  __NPR_ID_errmax                 
1     0000c044  __NPR_ID_errmin                 
1     0000c045  __NPR_ID_incrementmax           
1     0000c042  __NPR_ID_outmax                 
1     0000c048  __NPR_IQ_Kd                     
1     0000c047  __NPR_IQ_Ki                     
1     0000c046  __NPR_IQ_Kp                     
1     0000c04a  __NPR_IQ_errmax                 
1     0000c04b  __NPR_IQ_errmin                 
1     0000c04c  __NPR_IQ_incrementmax           
1     0000c049  __NPR_IQ_outmax                 
1     0000c03a  __NPR_U_Kd                      
1     0000c039  __NPR_U_Ki                      
1     0000c038  __NPR_U_Kp                      
1     0000c03c  __NPR_U_errmax                  
1     0000c03d  __NPR_U_errmin                  
1     0000c03e  __NPR_U_incrementmax            
1     0000c03b  __NPR_U_outmax                  
1     0000c007  __NQEPPCO                       
1     0000c00c  __NULL_VAL                      
1     0000c036  __OPERATION                     
1     0000c006  __OUT3_TEST                     
1     0000c00a  __OUT_AMUX1                     
1     0000c00b  __OUT_AMUX2                     
1     0000c028  __RESET                         
1     0000c01d  __RU_AGLT                       
1     0000c01a  __RU_IDT                        
1     0000c01b  __RU_IQT                        
1     0000c01c  __RU_TOQT                       
1     0000c019  __RU_UDCT                       
1     0000c014  __SCIB_ADDR                     
1     0000c108  __SCIB_BAUD                     
1     0000c032  __SCOUTH                        
1     0000c031  __SCOUTL                        
1     0000c06b  __SC_IACOV1                     
1     0000c072  __SC_IACOV2                     
1     0000c075  __SC_IACOVST                    
1     0000c101  __SC_LVIAC2                     
1     0000c0ff  __SC_LVUDC1                     
1     0000c100  __SC_LVUDC2                     
1     0000c0fe  __SC_MPR_TLOV                   
1     0000c103  __SC_MPR_UD                     
1     0000c104  __SC_MPR_UQ                     
1     0000c105  __SC_MSPEED1                    
1     0000c106  __SC_MSPEED2                    
1     0000c0fd  __SC_NPR_TLOV                   
1     0000c073  __SC_PGOV                       
1     0000c074  __SC_QGOV                       
1     0000c069  __SC_RTRN                       
1     0000c06a  __SC_RTRT                       
1     0000c102  __SC_TSCRON                     
1     0000c071  __SC_UACLV1                     
1     0000c070  __SC_UACOV1                     
1     0000c06e  __SC_UDCLV                      
1     0000c06c  __SC_UDCOV                      
1     0000c06d  __SC_UDCOVH                     
1     0000c107  __SC_UDSTAC                     
1     0000c06f  __SC_VDCON                      
1     00000700  __STACK_END                     
abs   00000300  __STACK_SIZE                    
1     0000c029  __STDBY1                        
1     0000c02a  __STDBY2                        
1     0000c02b  __STDBY3                        
1     0000c02c  __STDBY4                        
1     0000c02d  __STDBY5                        
1     0000c02e  __STDBY6                        
1     0000c02f  __STDBY7                        
1     0000c030  __STDBY8                        
1     0000c015  __SW_FR                         
1     0000c027  __SYSRUN                        
1     0000c00f  __SY_RTRN                       
1     0000c022  __TOQRF                         
1     0000ca36  ___TI_cleanup_ptr               
1     0000ca38  ___TI_dtors_ptr                 
1     0000ca34  ___TI_enable_exit_profile_output
abs   ffffffff  ___TI_pprof_out_hndl            
abs   ffffffff  ___TI_prof_data_size            
abs   ffffffff  ___TI_prof_data_start           
abs   ffffffff  ___binit__                      
abs   ffffffff  ___c_args__                     
0     00008bb4  ___cinit__                      
0     00008bb4  ___etext__                      
abs   ffffffff  ___pinit__                      
0     00008000  ___text__                       
0     00008b84  __args_main                     
1     0000c142  __eidco                         
1     0000c144  __encodpos                      
1     0000ca3a  __lock                          
0     00008ba5  __nop                           
0     00008ba1  __register_lock                 
0     00008b9d  __register_unlock               
1     00000400  __stack                         
1     0000c146  __stdby01                       
1     0000c148  __stdby02                       
1     0000c14a  __stdby03                       
1     0000c14c  __stdby04                       
1     0000c14e  __stdby05                       
1     0000c150  __stdby06                       
1     0000c152  __stdby07                       
1     0000c154  __stdby08                       
0     00008afb  __system_post_cinit             
0     00008bb2  __system_pre_init               
1     0000ca3c  __unlock                        
0     00008aaa  _abort                          
1     0000c170  _adoffset                       
1     0000c172  _adsum                          
1     0000c110  _array_index                    
0     00008a28  _c_int00                        
1     0000c16a  _cnt_Island_F                   
1     0000c168  _cnt_Island_U                   
0     000083f9  _configtestledOFF               
0     000083f1  _configtestledON                
0     00008b23  _copy_in                        
0     0000896c  _cos                            
0     0000896c  _cosf                           
0     00008401  _delay                          
1     0000ca3e  _errno                          
0     00008aac  _exit                           
1     0000c112  _gpio_flag                      
1     0000c111  _i                              
1     0000c158  _i_cnt1                         
1     0000c15a  _i_cnt2                         
1     0000c15c  _i_cnt3                         
1     0000c11e  _m                              
0     0000835a  _main                           
0     00008b67  _memcpy                         
1     0000c000  _rdata_pointA                   
1     0000c001  _rdata_pointB                   
0     00008319  _rsvd_ISR                       
1     0000ca40  _s                              
1     0000ce40  _s_abs                          
0     000089cf  _sin                            
0     000089cf  _sinf                           
0     00008afc  _sqrt                           
0     00008afc  _sqrtf                          
1     0000c15e  _testtheta                      
1     0000c12a  _u_alfa_MPR                     
1     0000c126  _u_alfa_NPR                     
1     0000c12c  _u_beta_MPR                     
1     0000c128  _u_beta_NPR                     
1     0000c120  _ua_m                           
1     0000c122  _ub_m                           
1     0000c124  _uc_m                           
1     0000c11c  _vdc                            
1     0000c10f  _zsector                        
1     0000c156  _zys                            
1     0000c10b  _zys1                           
1     0000c10c  _zys2                           
1     0000c10d  _zys3                           
1     0000c10e  _zys4                           
abs   ffffffff  binit                           
0     00008bb4  cinit                           
0     00000000  code_start                      
0     00008bb4  etext                           
abs   ffffffff  pinit                           


GLOBAL SYMBOLS: SORTED BY Symbol Address 

page  address   name                            
----  -------   ----                            
0     00000000  code_start                      
0     00008000  .text                           
0     00008000  _INT13_ISR                      
0     00008000  ___text__                       
0     0000800a  _INT14_ISR                      
0     00008014  _DATALOG_ISR                    
0     0000801e  _RTOSINT_ISR                    
0     00008028  _EMUINT_ISR                     
0     00008032  _NMI_ISR                        
0     0000803c  _ILLEGAL_ISR                    
0     00008046  _USER1_ISR                      
0     00008050  _USER2_ISR                      
0     0000805a  _USER3_ISR                      
0     00008064  _USER4_ISR                      
0     0000806e  _USER5_ISR                      
0     00008078  _USER6_ISR                      
0     00008082  _USER7_ISR                      
0     0000808c  _USER8_ISR                      
0     00008096  _USER9_ISR                      
0     000080a0  _USER10_ISR                     
0     000080aa  _USER11_ISR                     
0     000080b4  _USER12_ISR                     
0     000080be  _SEQ1INT_ISR                    
0     000080c8  _SEQ2INT_ISR                    
0     000080d2  _XINT1_ISR                      
0     000080dc  _XINT2_ISR                      
0     000080e6  _ADCINT_ISR                     
0     000080f0  _TINT0_ISR                      
0     000080fa  _WAKEINT_ISR                    
0     00008104  _EPWM1_TZINT_ISR                
0     0000810e  _EPWM2_TZINT_ISR                
0     00008118  _EPWM3_TZINT_ISR                
0     00008122  _EPWM4_TZINT_ISR                
0     0000812c  _EPWM5_TZINT_ISR                
0     00008136  _EPWM6_TZINT_ISR                
0     00008140  _EPWM1_INT_ISR                  
0     0000814a  _EPWM2_INT_ISR                  
0     00008154  _EPWM3_INT_ISR                  
0     0000815e  _EPWM4_INT_ISR                  
0     00008168  _EPWM5_INT_ISR                  
0     00008172  _EPWM6_INT_ISR                  
0     0000817c  _ECAP1_INT_ISR                  
0     00008186  _ECAP2_INT_ISR                  
0     00008190  _ECAP3_INT_ISR                  
0     0000819a  _ECAP4_INT_ISR                  
0     000081a4  _ECAP5_INT_ISR                  
0     000081ae  _ECAP6_INT_ISR                  
0     000081b8  _EQEP1_INT_ISR                  
0     000081c2  _EQEP2_INT_ISR                  
0     000081cc  _SPIRXINTA_ISR                  
0     000081d6  _SPITXINTA_ISR                  
0     000081e0  _MRINTB_ISR                     
0     000081ea  _MXINTB_ISR                     
0     000081f4  _MRINTA_ISR                     
0     000081fe  _MXINTA_ISR                     
0     00008208  _DINTCH1_ISR                    
0     00008212  _DINTCH2_ISR                    
0     0000821c  _DINTCH3_ISR                    
0     00008226  _DINTCH4_ISR                    
0     00008230  _DINTCH5_ISR                    
0     0000823a  _DINTCH6_ISR                    
0     00008244  _I2CINT1A_ISR                   
0     0000824e  _I2CINT2A_ISR                   
0     00008258  _SCIRXINTC_ISR                  
0     00008262  _SCITXINTC_ISR                  
0     0000826c  _SCIRXINTA_ISR                  
0     00008276  _SCITXINTA_ISR                  
0     00008280  _SCIRXINTB_ISR                  
0     0000828a  _SCITXINTB_ISR                  
0     00008294  _ECAN0INTA_ISR                  
0     0000829e  _ECAN1INTA_ISR                  
0     000082a8  _ECAN0INTB_ISR                  
0     000082b2  _ECAN1INTB_ISR                  
0     000082bc  _XINT3_ISR                      
0     000082c6  _XINT4_ISR                      
0     000082d0  _XINT5_ISR                      
0     000082da  _XINT6_ISR                      
0     000082e4  _XINT7_ISR                      
0     000082ee  _LVF_ISR                        
0     000082f8  _LUF_ISR                        
0     00008302  _EMPTY_ISR                      
0     0000830f  _PIE_RESERVED                   
0     00008319  _rsvd_ISR                       
0     00008323  _EE                             
0     0000835a  _main                           
0     000083f1  _configtestledON                
0     000083f9  _configtestledOFF               
0     00008401  _delay                          
0     0000841a  _SetAdc                         
0     00008439  _FFT                            
0     0000852a  _SetSys                         
0     00008549  _Sampling                       
0     0000861e  _InitGpio                       
0     000087d6  _InitSysCtrl                    
0     000087df  _InitFlash                      
0     000087fa  _ServiceDog                     
0     00008804  _DisableDog                     
0     0000880c  _InitPll                        
0     0000885d  _InitPeripheralClocks           
0     000088b3  _CsmUnlock                      
0     000088e4  FS$$DIV                         
0     0000896c  _cos                            
0     0000896c  _cosf                           
0     000089cf  _sin                            
0     000089cf  _sinf                           
0     00008a28  _c_int00                        
0     00008a7e  _InitAdc                        
0     00008aaa  C$$EXIT                         
0     00008aaa  _abort                          
0     00008aac  _exit                           
0     00008ad3  _InitPieCtrl                    
0     00008af2  _EnableInterrupts               
0     00008afb  __system_post_cinit             
0     00008afc  _sqrt                           
0     00008afc  _sqrtf                          
0     00008b23  _copy_in                        
0     00008b47  _InitPieVectTable               
0     00008b67  _memcpy                         
0     00008b84  __args_main                     
0     00008b9d  __register_unlock               
0     00008ba1  __register_lock                 
0     00008ba5  __nop                           
0     00008bae  _DSP28x_usDelay                 
0     00008bb2  __system_pre_init               
0     00008bb4  ___cinit__                      
0     00008bb4  ___etext__                      
0     00008bb4  cinit                           
0     00008bb4  etext                           
0     00380080  _ADC_cal                        
1     00000400  __stack                         
1     00000700  __STACK_END                     
1     00000880  _DevEmuRegs                     
1     00000a80  _FlashRegs                      
1     00000ae0  _CsmRegs                        
1     00000b00  _AdcMirror                      
1     00000b20  _XintfRegs                      
1     00000c00  _CpuTimer0Regs                  
1     00000c08  _CpuTimer1Regs                  
1     00000c10  _CpuTimer2Regs                  
1     00000ce0  _PieCtrlRegs                    
1     00000d00  _PieVectTable                   
1     00001000  _DmaRegs                        
1     00005000  _McbspaRegs                     
1     00005040  _McbspbRegs                     
1     00006000  _ECanaRegs                      
1     00006040  _ECanaLAMRegs                   
1     00006080  _ECanaMOTSRegs                  
1     000060c0  _ECanaMOTORegs                  
1     00006100  _ECanaMboxes                    
1     00006200  _ECanbRegs                      
1     00006240  _ECanbLAMRegs                   
1     00006280  _ECanbMOTSRegs                  
1     000062c0  _ECanbMOTORegs                  
1     00006300  _ECanbMboxes                    
1     00006800  _EPwm1Regs                      
1     00006840  _EPwm2Regs                      
1     00006880  _EPwm3Regs                      
1     000068c0  _EPwm4Regs                      
1     00006900  _EPwm5Regs                      
1     00006940  _EPwm6Regs                      
1     00006a00  _ECap1Regs                      
1     00006a20  _ECap2Regs                      
1     00006a40  _ECap3Regs                      
1     00006a60  _ECap4Regs                      
1     00006a80  _ECap5Regs                      
1     00006aa0  _ECap6Regs                      
1     00006b00  _EQep1Regs                      
1     00006b40  _EQep2Regs                      
1     00006f80  _GpioCtrlRegs                   
1     00006fc0  _GpioDataRegs                   
1     00006fe0  _GpioIntRegs                    
1     00007010  _SysCtrlRegs                    
1     00007040  _SpiaRegs                       
1     00007050  _SciaRegs                       
1     00007070  _XIntruptRegs                   
1     00007100  _AdcRegs                        
1     00007750  _ScibRegs                       
1     00007770  _ScicRegs                       
1     00007900  _I2caRegs                       
1     0000c000  _rdata_pointA                   
1     0000c001  _rdata_pointB                   
1     0000c002  _PassCount                      
1     0000c003  _FailCount                      
1     0000c004  _RAMDATA_POS                    
1     0000c005  _RUN_mpriq                      
1     0000c006  __OUT3_TEST                     
1     0000c007  __NQEPPCO                       
1     0000c008  _SW_NPR                         
1     0000c009  _SW_MPR                         
1     0000c00a  __OUT_AMUX1                     
1     0000c00b  __OUT_AMUX2                     
1     0000c00c  __NULL_VAL                      
1     0000c00d  __MSG_SCOUT1                    
1     0000c00e  __MSG_SCOUT2                    
1     0000c00f  __SY_RTRN                       
1     0000c010  __MC_TYPE                       
1     0000c011  __MC_REV                        
1     0000c012  __MC_DATE                       
1     0000c013  __MC_ID                         
1     0000c014  __SCIB_ADDR                     
1     0000c015  __SW_FR                         
1     0000c016  __DEADTIME                      
1     0000c017  __COMPTIME                      
1     0000c018  __MINONTIME                     
1     0000c019  __RU_UDCT                       
1     0000c01a  __RU_IDT                        
1     0000c01b  __RU_IQT                        
1     0000c01c  __RU_TOQT                       
1     0000c01d  __RU_AGLT                       
1     0000c01e  __NIDRF                         
1     0000c01f  __MIDRF                         
1     0000c020  __NIQRF                         
1     0000c021  __MIQRF                         
1     0000c022  __TOQRF                         
1     0000c023  __AGLRF                         
1     0000c024  __EIDCO                         
1     0000c025  __ENCODPOS                      
1     0000c026  __EIN                           
1     0000c027  __SYSRUN                        
1     0000c028  __RESET                         
1     0000c029  __STDBY1                        
1     0000c02a  __STDBY2                        
1     0000c02b  __STDBY3                        
1     0000c02c  __STDBY4                        
1     0000c02d  __STDBY5                        
1     0000c02e  __STDBY6                        
1     0000c02f  __STDBY7                        
1     0000c030  __STDBY8                        
1     0000c031  __SCOUTL                        
1     0000c032  __SCOUTH                        
1     0000c033  __ENSCR                         
1     0000c034  __COMP2                         
1     0000c035  __AUTOCSTAC                     
1     0000c036  __OPERATION                     
1     0000c037  __CANOPER                       
1     0000c038  __NPR_U_Kp                      
1     0000c039  __NPR_U_Ki                      
1     0000c03a  __NPR_U_Kd                      
1     0000c03b  __NPR_U_outmax                  
1     0000c03c  __NPR_U_errmax                  
1     0000c03d  __NPR_U_errmin                  
1     0000c03e  __NPR_U_incrementmax            
1     0000c03f  __NPR_ID_Kp                     
1     0000c040  __NPR_ID_Ki                     
1     0000c041  __NPR_ID_Kd                     
1     0000c042  __NPR_ID_outmax                 
1     0000c043  __NPR_ID_errmax                 
1     0000c044  __NPR_ID_errmin                 
1     0000c045  __NPR_ID_incrementmax           
1     0000c046  __NPR_IQ_Kp                     
1     0000c047  __NPR_IQ_Ki                     
1     0000c048  __NPR_IQ_Kd                     
1     0000c049  __NPR_IQ_outmax                 
1     0000c04a  __NPR_IQ_errmax                 
1     0000c04b  __NPR_IQ_errmin                 
1     0000c04c  __NPR_IQ_incrementmax           
1     0000c04d  __MPR_U_Kp                      
1     0000c04e  __MPR_U_Ki                      
1     0000c04f  __MPR_U_Kd                      
1     0000c050  __MPR_U_outmax                  
1     0000c051  __MPR_U_errmax                  
1     0000c052  __MPR_U_errmin                  
1     0000c053  __MPR_U_incrementmax            
1     0000c054  __MPR_ID_Kp                     
1     0000c055  __MPR_ID_Ki                     
1     0000c056  __MPR_ID_Kd                     
1     0000c057  __MPR_ID_outmax                 
1     0000c058  __MPR_ID_errmax                 
1     0000c059  __MPR_ID_errmin                 
1     0000c05a  __MPR_ID_incrementmax           
1     0000c05b  __MPR_IQ_Kp                     
1     0000c05c  __MPR_IQ_Ki                     
1     0000c05d  __MPR_IQ_Kd                     
1     0000c05e  __MPR_IQ_outmax                 
1     0000c05f  __MPR_IQ_errmax                 
1     0000c060  __MPR_IQ_errmin                 
1     0000c061  __MPR_IQ_incrementmax           
1     0000c062  __DYN_U_Kp                      
1     0000c063  __DYN_U_Ki                      
1     0000c064  __DYN_U_Kd                      
1     0000c065  __DYN_U_outmax                  
1     0000c066  __DYN_U_errmax                  
1     0000c067  __DYN_U_errmin                  
1     0000c068  __DYN_U_incrementmax            
1     0000c069  __SC_RTRN                       
1     0000c06a  __SC_RTRT                       
1     0000c06b  __SC_IACOV1                     
1     0000c06c  __SC_UDCOV                      
1     0000c06d  __SC_UDCOVH                     
1     0000c06e  __SC_UDCLV                      
1     0000c06f  __SC_VDCON                      
1     0000c070  __SC_UACOV1                     
1     0000c071  __SC_UACLV1                     
1     0000c072  __SC_IACOV2                     
1     0000c073  __SC_PGOV                       
1     0000c074  __SC_QGOV                       
1     0000c075  __SC_IACOVST                    
1     0000c076  __BA_ERR4                       
1     0000c077  __BA_ERR3                       
1     0000c078  __BA_ERR2                       
1     0000c079  __BA_ERR1                       
1     0000c07a  __BA_ENIDRF                     
1     0000c07b  __BA_ENIQRF                     
1     0000c07c  __BA_EMIQRF                     
1     0000c07d  __BA_ETOQRF                     
1     0000c07e  __BA_EURF                       
1     0000c07f  __BA_EUDC                       
1     0000c080  __BA_EAGLRF                     
1     0000c081  __BA_EIA1                       
1     0000c082  __BA_EIB1                       
1     0000c083  __BA_EIC1                       
1     0000c084  __BA_EIA2                       
1     0000c085  __BA_EIB2                       
1     0000c086  __BA_EIC2                       
1     0000c087  __BA_EUAB1                      
1     0000c088  __BA_EUBC1                      
1     0000c089  __BA_EUAB2                      
1     0000c08a  __BA_EUBC2                      
1     0000c08b  __BA_EUAB0                      
1     0000c08c  __BA_EUBC0                      
1     0000c08d  __BA_EFREQ                      
1     0000c08e  __BA_ESPEED                     
1     0000c08f  __BA_ENPRUD                     
1     0000c090  __BA_ENPRUQ                     
1     0000c091  __BA_ENPRUD2                    
1     0000c092  __BA_ENPRUQ2                    
1     0000c093  __BA_ENUDOUT                    
1     0000c094  __BA_ENUQOUT                    
1     0000c095  __BA_ETA1                       
1     0000c096  __BA_ETB1                       
1     0000c097  __BA_ETC1                       
1     0000c098  __BA_ETA2                       
1     0000c099  __BA_ETB2                       
1     0000c09a  __BA_ETC2                       
1     0000c09b  __BA_EPIONU                     
1     0000c09c  __BA_EPIONID                    
1     0000c09d  __BA_EPIONIQ                    
1     0000c09e  __BA_EMEXI                      
1     0000c09f  __BA_EPIOMID                    
1     0000c0a0  __BA_EPIOMIQ                    
1     0000c0a1  __BA_ETLAC                      
1     0000c0a2  __BA_ETLDUDT                    
1     0000c0a3  __BA_ETSKIIP                    
1     0000c0a4  __BA_ESTAIAC                    
1     0000c0a5  __BA_ESTAIBA                    
1     0000c0a6  __BA_ETOQFB                     
1     0000c0a7  __BA_EPSTA                      
1     0000c0a8  __BA_EPNPR                      
1     0000c0a9  __BA_EPGRID                     
1     0000c0aa  __BA_TIME4_0                    
1     0000c0ab  __BA_TIME4_1                    
1     0000c0ac  __BA_TIME4_2                    
1     0000c0ad  __BA_TIME4_3                    
1     0000c0ae  __BA_TIME4_4                    
1     0000c0af  __BA_TIME4_5                    
1     0000c0b0  __BA_TIME3_0                    
1     0000c0b1  __BA_TIME3_1                    
1     0000c0b2  __BA_TIME3_2                    
1     0000c0b3  __BA_TIME3_3                    
1     0000c0b4  __BA_TIME3_4                    
1     0000c0b5  __BA_TIME3_5                    
1     0000c0b6  __BA_TIME2_0                    
1     0000c0b7  __BA_TIME2_1                    
1     0000c0b8  __BA_TIME2_2                    
1     0000c0b9  __BA_TIME2_3                    
1     0000c0ba  __BA_TIME2_4                    
1     0000c0bb  __BA_TIME2_5                    
1     0000c0bc  __BA_TIME1_0                    
1     0000c0bd  __BA_TIME1_1                    
1     0000c0be  __BA_TIME1_2                    
1     0000c0bf  __BA_TIME1_3                    
1     0000c0c0  __BA_TIME1_4                    
1     0000c0c1  __BA_TIME1_5                    
1     0000c0c2  __BA_MIDRF                      
1     0000c0c3  __BA_NIQRF                      
1     0000c0c4  __BA_MIQRF                      
1     0000c0c5  __BA_TOQRF                      
1     0000c0c6  __BA_AGLRF                      
1     0000c0c7  __BA_TOQFB                      
1     0000c0c8  __BA_URF                        
1     0000c0c9  __BA_UDC                        
1     0000c0ca  __BA_IA1                        
1     0000c0cb  __BA_IB1                        
1     0000c0cc  __BA_IC1                        
1     0000c0cd  __BA_IA2                        
1     0000c0ce  __BA_IB2                        
1     0000c0cf  __BA_IC2                        
1     0000c0d0  __BA_UAB1                       
1     0000c0d1  __BA_UBC1                       
1     0000c0d2  __BA_UAB2                       
1     0000c0d3  __BA_UBC2                       
1     0000c0d4  __BA_UAB0                       
1     0000c0d5  __BA_UBC0                       
1     0000c0d6  __BA_FREQ                       
1     0000c0d7  __BA_SPEED                      
1     0000c0d8  __BA_TA1                        
1     0000c0d9  __BA_TB1                        
1     0000c0da  __BA_TC1                        
1     0000c0db  __BA_TA2                        
1     0000c0dc  __BA_TB2                        
1     0000c0dd  __BA_TC2                        
1     0000c0de  __BA_PIONU                      
1     0000c0df  __BA_PIONID                     
1     0000c0e0  __BA_PIONIQ                     
1     0000c0e1  __BA_MEXI                       
1     0000c0e2  __BA_PIOMID                     
1     0000c0e3  __BA_PIOMIQ                     
1     0000c0e4  __BA_GRDUD                      
1     0000c0e5  __BA_GRDUQ                      
1     0000c0e6  __BA_STAUD                      
1     0000c0e7  __BA_STAUQ                      
1     0000c0e8  __BA_STAID                      
1     0000c0e9  __BA_STAIQ                      
1     0000c0ea  __BA_EXCID                      
1     0000c0eb  __BA_EXCIQ                      
1     0000c0ec  __BA_TLAC                       
1     0000c0ed  __BA_TLDUDT                     
1     0000c0ee  __BA_TNSKIIP                    
1     0000c0ef  __BA_TMSKIIP                    
1     0000c0f0  __BA_STAUABD                    
1     0000c0f1  __BA_STAUBCD                    
1     0000c0f2  __BA_STAIAC                     
1     0000c0f3  __BA_STAIBA                     
1     0000c0f4  __BA_PSTA                       
1     0000c0f5  __BA_PNPR                       
1     0000c0f6  __BA_PGRID                      
1     0000c0f7  __BA_QSTA                       
1     0000c0f8  __BA_QNPR                       
1     0000c0f9  __BA_QGRID                      
1     0000c0fa  __BA_SSTA                       
1     0000c0fb  __BA_SNPR                       
1     0000c0fc  __BA_SGRID                      
1     0000c0fd  __SC_NPR_TLOV                   
1     0000c0fe  __SC_MPR_TLOV                   
1     0000c0ff  __SC_LVUDC1                     
1     0000c100  __SC_LVUDC2                     
1     0000c101  __SC_LVIAC2                     
1     0000c102  __SC_TSCRON                     
1     0000c103  __SC_MPR_UD                     
1     0000c104  __SC_MPR_UQ                     
1     0000c105  __SC_MSPEED1                    
1     0000c106  __SC_MSPEED2                    
1     0000c107  __SC_UDSTAC                     
1     0000c108  __SCIB_BAUD                     
1     0000c109  __BA_LEDV                       
1     0000c10a  __BA_LEDB                       
1     0000c10b  _zys1                           
1     0000c10c  _zys2                           
1     0000c10d  _zys3                           
1     0000c10e  _zys4                           
1     0000c10f  _zsector                        
1     0000c110  _array_index                    
1     0000c111  _i                              
1     0000c112  _gpio_flag                      
1     0000c114  _CurrentMsgPtr                  
1     0000c116  _RUN_mpridrf_exi                
1     0000c118  _ET_SUM1                        
1     0000c11a  _ET_SUM2                        
1     0000c11c  _vdc                            
1     0000c11e  _m                              
1     0000c120  _ua_m                           
1     0000c122  _ub_m                           
1     0000c124  _uc_m                           
1     0000c126  _u_alfa_NPR                     
1     0000c128  _u_beta_NPR                     
1     0000c12a  _u_alfa_MPR                     
1     0000c12c  _u_beta_MPR                     
1     0000c12e  _OCS_Trf                        
1     0000c130  _AD_OUT_UDC                     
1     0000c132  _AD_OUT_UDC_PRO                 
1     0000c134  _POSCNT_TEST                    
1     0000c136  _DM_imrd                        
1     0000c138  _DM_imrq                        
1     0000c13a  _DM_Lr                          
1     0000c13c  _Te_feedback                    
1     0000c13e  _Pnactive                       
1     0000c140  _Pnreactive                     
1     0000c142  __eidco                         
1     0000c144  __encodpos                      
1     0000c146  __stdby01                       
1     0000c148  __stdby02                       
1     0000c14a  __stdby03                       
1     0000c14c  __stdby04                       
1     0000c14e  __stdby05                       
1     0000c150  __stdby06                       
1     0000c152  __stdby07                       
1     0000c154  __stdby08                       
1     0000c156  _zys                            
1     0000c158  _i_cnt1                         
1     0000c15a  _i_cnt2                         
1     0000c15c  _i_cnt3                         
1     0000c15e  _testtheta                      
1     0000c160  _MPPT_Pnactive                  
1     0000c162  _Pnactive_pre                   
1     0000c164  _GIVE_NPR_Id_pre                
1     0000c166  _MPPT_cnt                       
1     0000c168  _cnt_Island_U                   
1     0000c16a  _cnt_Island_F                   
1     0000c16c  _MPPT_Time                      
1     0000c16e  _MPPT_Id                        
1     0000c170  _adoffset                       
1     0000c172  _adsum                          
1     0000c174  _SPI                            
1     0000c179  _RTIMER                         
1     0000c180  _Island                         
1     0000c186  _GIVE                           
1     0000c18e  _ADFINAL                        
1     0000c196  _PI_NPR_Id                      
1     0000c1a2  _PI_NPR_Iq                      
1     0000c1ae  _PI_MPR_Id                      
1     0000c1c0  _PI_MPR_Iq                      
1     0000c1cc  _PI_NPR_U                       
1     0000c1d8  _PI_MPR_U                       
1     0000c1e4  _PI_STA_Id                      
1     0000c1f0  _PI_STA_Iq                      
1     0000c200  _EEPROM                         
1     0000c20e  _PI_PARA_NPRU                   
1     0000c21c  _PI_PARA_NPRID                  
1     0000c22a  _PI_PARA_MPRU                   
1     0000c240  _PI_PARA_MPRID                  
1     0000c24e  _PI_PARA_NPRIQ                  
1     0000c25c  _PI_PARA_MPRIQ                  
1     0000c26a  _PI_PARA_DYNU                   
1     0000c280  _PI_PARA_DYNID                  
1     0000c28e  _PI_PARA_DYNIQ                  
1     0000c29c  _PI_PARA_MPRI                   
1     0000c2aa  _PI_PARA_STAI                   
1     0000c2c0  _AMUX                           
1     0000c2d6  _I2cMsgOut1                     
1     0000c300  _I2cMsgIn1                      
1     0000c318  _SCI                            
1     0000c340  _CAP3                           
1     0000c35a  _CAP4                           
1     0000c380  _TRS_NPR_I                      
1     0000c39c  _TRS_MPR_I                      
1     0000c3c0  _TRS_MPR_U                      
1     0000c3dc  _TRS_NPR_U                      
1     0000c400  _TRS_NGS_U                      
1     0000c41c  _TRS_STA_I                      
1     0000c440  _TRS_STA_U                      
1     0000c45c  _TRS_GSTA_U                     
1     0000c480  _TRS_PSTA_U                     
1     0000c49c  _TRS_PMPR_I                     
1     0000c4c0  _DIP_NPR_U                      
1     0000c4dc  _DIP_NPR_I                      
1     0000c500  _DIP_STA_U                      
1     0000c51c  _DIP_STA_I                      
1     0000c540  _DIP_MPR_I                      
1     0000c55c  _AD                             
1     0000c580  _QEPDATA                        
1     0000c5c0  _AD_OUT_U                       
1     0000c600  _AD_OUT_STA_U                   
1     0000c640  _AD_OUT_NGS_U                   
1     0000c680  _AD_OUT_NPR_I                   
1     0000c6c0  _AD_OUT_MPR_I                   
1     0000c700  _AD_OUT_STA_I                   
1     0000c740  _AD_OUT_NGF_U                   
1     0000c780  _AD_OUT_STAD_U                  
1     0000c7c0  _AD_OUT_SCR_I                   
1     0000c800  _MEAN_DATA                      
1     0000c840  _AD_OUT_I                       
1     0000c880  _RUN                            
1     0000c8c0  _DISP                           
1     0000c900  _SCI_canopen                    
1     0000c940  _PRO                            
1     0000c9c0  _MAIN_LOOP                      
1     0000ca34  ___TI_enable_exit_profile_output
1     0000ca36  ___TI_cleanup_ptr               
1     0000ca38  ___TI_dtors_ptr                 
1     0000ca3a  __lock                          
1     0000ca3c  __unlock                        
1     0000ca3e  _errno                          
1     0000ca40  _s                              
1     0000ce40  _s_abs                          
1     0000d040  _A0Sample                       
1     0000d140  _CpuTimer0                      
1     0000d148  _CpuTimer1                      
1     0000d150  _CpuTimer2                      
1     0000d158  _PieVectTableInit               
1     0033fff8  _CsmPwl                         
abs   00000300  __STACK_SIZE                    
abs   ffffffff  ___TI_pprof_out_hndl            
abs   ffffffff  ___TI_prof_data_size            
abs   ffffffff  ___TI_prof_data_start           
abs   ffffffff  ___binit__                      
abs   ffffffff  ___c_args__                     
abs   ffffffff  ___pinit__                      
abs   ffffffff  binit                           
abs   ffffffff  pinit                           

[589 symbols]
